Archive member included to satisfy reference by file (symbol)

c:/gcc-arm-none-eabi-10.3-2021.10/bin/../lib/gcc/arm-none-eabi/10.3.1/../../../../arm-none-eabi/lib/thumb/v7e-m/nofp\libstdc++.a(del_ops.o)
                              Libraries/FEHIO.o (operator delete(void*, unsigned int))
c:/gcc-arm-none-eabi-10.3-2021.10/bin/../lib/gcc/arm-none-eabi/10.3.1/../../../../arm-none-eabi/lib/thumb/v7e-m/nofp\libstdc++.a(new_op.o)
                              Libraries/FEHIO.o (operator new(unsigned int))
c:/gcc-arm-none-eabi-10.3-2021.10/bin/../lib/gcc/arm-none-eabi/10.3.1/../../../../arm-none-eabi/lib/thumb/v7e-m/nofp\libstdc++.a(bad_alloc.o)
                              c:/gcc-arm-none-eabi-10.3-2021.10/bin/../lib/gcc/arm-none-eabi/10.3.1/../../../../arm-none-eabi/lib/thumb/v7e-m/nofp\libstdc++.a(new_op.o) (std::bad_alloc::~bad_alloc())
c:/gcc-arm-none-eabi-10.3-2021.10/bin/../lib/gcc/arm-none-eabi/10.3.1/../../../../arm-none-eabi/lib/thumb/v7e-m/nofp\libstdc++.a(del_op.o)
                              c:/gcc-arm-none-eabi-10.3-2021.10/bin/../lib/gcc/arm-none-eabi/10.3.1/../../../../arm-none-eabi/lib/thumb/v7e-m/nofp\libstdc++.a(del_ops.o) (operator delete(void*))
c:/gcc-arm-none-eabi-10.3-2021.10/bin/../lib/gcc/arm-none-eabi/10.3.1/../../../../arm-none-eabi/lib/thumb/v7e-m/nofp\libstdc++.a(eh_alloc.o)
                              c:/gcc-arm-none-eabi-10.3-2021.10/bin/../lib/gcc/arm-none-eabi/10.3.1/../../../../arm-none-eabi/lib/thumb/v7e-m/nofp\libstdc++.a(new_op.o) (__cxa_allocate_exception)
c:/gcc-arm-none-eabi-10.3-2021.10/bin/../lib/gcc/arm-none-eabi/10.3.1/../../../../arm-none-eabi/lib/thumb/v7e-m/nofp\libstdc++.a(eh_exception.o)
                              c:/gcc-arm-none-eabi-10.3-2021.10/bin/../lib/gcc/arm-none-eabi/10.3.1/../../../../arm-none-eabi/lib/thumb/v7e-m/nofp\libstdc++.a(bad_alloc.o) (std::exception::~exception())
c:/gcc-arm-none-eabi-10.3-2021.10/bin/../lib/gcc/arm-none-eabi/10.3.1/../../../../arm-none-eabi/lib/thumb/v7e-m/nofp\libstdc++.a(eh_terminate.o)
                              c:/gcc-arm-none-eabi-10.3-2021.10/bin/../lib/gcc/arm-none-eabi/10.3.1/../../../../arm-none-eabi/lib/thumb/v7e-m/nofp\libstdc++.a(eh_alloc.o) (std::terminate())
c:/gcc-arm-none-eabi-10.3-2021.10/bin/../lib/gcc/arm-none-eabi/10.3.1/../../../../arm-none-eabi/lib/thumb/v7e-m/nofp\libstdc++.a(eh_throw.o)
                              c:/gcc-arm-none-eabi-10.3-2021.10/bin/../lib/gcc/arm-none-eabi/10.3.1/../../../../arm-none-eabi/lib/thumb/v7e-m/nofp\libstdc++.a(new_op.o) (__cxa_throw)
c:/gcc-arm-none-eabi-10.3-2021.10/bin/../lib/gcc/arm-none-eabi/10.3.1/../../../../arm-none-eabi/lib/thumb/v7e-m/nofp\libstdc++.a(eh_unex_handler.o)
                              c:/gcc-arm-none-eabi-10.3-2021.10/bin/../lib/gcc/arm-none-eabi/10.3.1/../../../../arm-none-eabi/lib/thumb/v7e-m/nofp\libstdc++.a(eh_terminate.o) (__cxxabiv1::__unexpected_handler)
c:/gcc-arm-none-eabi-10.3-2021.10/bin/../lib/gcc/arm-none-eabi/10.3.1/../../../../arm-none-eabi/lib/thumb/v7e-m/nofp\libstdc++.a(new_handler.o)
                              c:/gcc-arm-none-eabi-10.3-2021.10/bin/../lib/gcc/arm-none-eabi/10.3.1/../../../../arm-none-eabi/lib/thumb/v7e-m/nofp\libstdc++.a(new_op.o) (std::get_new_handler())
c:/gcc-arm-none-eabi-10.3-2021.10/bin/../lib/gcc/arm-none-eabi/10.3.1/../../../../arm-none-eabi/lib/thumb/v7e-m/nofp\libstdc++.a(pure.o)
                              c:/gcc-arm-none-eabi-10.3-2021.10/bin/../lib/gcc/arm-none-eabi/10.3.1/../../../../arm-none-eabi/lib/thumb/v7e-m/nofp\libstdc++.a(eh_exception.o) (__cxa_pure_virtual)
c:/gcc-arm-none-eabi-10.3-2021.10/bin/../lib/gcc/arm-none-eabi/10.3.1/../../../../arm-none-eabi/lib/thumb/v7e-m/nofp\libstdc++.a(si_class_type_info.o)
                              c:/gcc-arm-none-eabi-10.3-2021.10/bin/../lib/gcc/arm-none-eabi/10.3.1/../../../../arm-none-eabi/lib/thumb/v7e-m/nofp\libstdc++.a(bad_alloc.o) (vtable for __cxxabiv1::__si_class_type_info)
c:/gcc-arm-none-eabi-10.3-2021.10/bin/../lib/gcc/arm-none-eabi/10.3.1/../../../../arm-none-eabi/lib/thumb/v7e-m/nofp\libstdc++.a(tinfo.o)
                              c:/gcc-arm-none-eabi-10.3-2021.10/bin/../lib/gcc/arm-none-eabi/10.3.1/../../../../arm-none-eabi/lib/thumb/v7e-m/nofp\libstdc++.a(si_class_type_info.o) (std::type_info::__is_pointer_p() const)
c:/gcc-arm-none-eabi-10.3-2021.10/bin/../lib/gcc/arm-none-eabi/10.3.1/../../../../arm-none-eabi/lib/thumb/v7e-m/nofp\libstdc++.a(vterminate.o)
                              c:/gcc-arm-none-eabi-10.3-2021.10/bin/../lib/gcc/arm-none-eabi/10.3.1/../../../../arm-none-eabi/lib/thumb/v7e-m/nofp\libstdc++.a(eh_terminate.o) (__gnu_cxx::__verbose_terminate_handler())
c:/gcc-arm-none-eabi-10.3-2021.10/bin/../lib/gcc/arm-none-eabi/10.3.1/../../../../arm-none-eabi/lib/thumb/v7e-m/nofp\libstdc++.a(class_type_info.o)
[...]
Memory Configuration

Name             Origin             Length             Attributes
PROGRAM_FLASH    0x0000c000         0x00073c00         xr
SRAM_UPPER       0x20000000         0x00010000         xrw
SRAM_LOWER       0x1fff0000         0x00010000         xrw
*default*        0x00000000         0xffffffff

Linker script and memory map

LOAD c:/gcc-arm-none-eabi-10.3-2021.10/bin/../lib/gcc/arm-none-eabi/10.3.1/thumb/v7e-m/nofp/crti.o
LOAD c:/gcc-arm-none-eabi-10.3-2021.10/bin/../lib/gcc/arm-none-eabi/10.3.1/thumb/v7e-m/nofp/crtbegin.o
LOAD c:/gcc-arm-none-eabi-10.3-2021.10/bin/../lib/gcc/arm-none-eabi/10.3.1/../../../../arm-none-eabi/lib/thumb/v7e-m/nofp/crt0.o
LOAD ../main.o
LOAD Startup/startup_mk60d10.o
LOAD Libraries/FEHMotor.o
LOAD Drivers/mcg.o
LOAD Drivers/i2c.o
LOAD Drivers/spi.o
LOAD Drivers/uart.o
LOAD Drivers/ff.o
LOAD Drivers/SDHC.o
LOAD Drivers/lptmr.o
LOAD FEHProteus.o
LOAD Drivers/FEHPropeller.o
LOAD Libraries/FEHUtility.o
LOAD Libraries/FEHIO.o
LOAD Drivers/adc16.o
LOAD Libraries/FEHBuzzer.o
LOAD Libraries/FEHServo.o
LOAD Libraries/FEHLCD.o
LOAD Libraries/FEHAccel.o
LOAD Libraries/FEHBattery.o
LOAD Drivers/FEHXBee.o
LOAD Libraries/FEHRCS.o
LOAD Libraries/FEHSD.o
LOAD Libraries/FEHRandom.o
LOAD c:/gcc-arm-none-eabi-10.3-2021.10/bin/../lib/gcc/arm-none-eabi/10.3.1/../../../../arm-none-eabi/lib/thumb/v7e-m/nofp\libstdc++.a
LOAD c:/gcc-arm-none-eabi-10.3-2021.10/bin/../lib/gcc/arm-none-eabi/10.3.1/../../../../arm-none-eabi/lib/thumb/v7e-m/nofp\libm.a
START GROUP
LOAD c:/gcc-arm-none-eabi-10.3-2021.10/bin/../lib/gcc/arm-none-eabi/10.3.1/thumb/v7e-m/nofp\libgcc.a
LOAD c:/gcc-arm-none-eabi-10.3-2021.10/bin/../lib/gcc/arm-none-eabi/10.3.1/../../../../arm-none-eabi/lib/thumb/v7e-m/nofp\libg.a
LOAD c:/gcc-arm-none-eabi-10.3-2021.10/bin/../lib/gcc/arm-none-eabi/10.3.1/../../../../arm-none-eabi/lib/thumb/v7e-m/nofp\libc.a
END GROUP
START GROUP
LOAD c:/gcc-arm-none-eabi-10.3-2021.10/bin/../lib/gcc/arm-none-eabi/10.3.1/thumb/v7e-m/nofp\libgcc.a
LOAD c:/gcc-arm-none-eabi-10.3-2021.10/bin/../lib/gcc/arm-none-eabi/10.3.1/../../../../arm-none-eabi/lib/thumb/v7e-m/nofp\libc.a
LOAD c:/gcc-arm-none-eabi-10.3-2021.10/bin/../lib/gcc/arm-none-eabi/10.3.1/../../../../arm-none-eabi/lib/thumb/v7e-m/nofp\libnosys.a
END GROUP
LOAD c:/gcc-arm-none-eabi-10.3-2021.10/bin/../lib/gcc/arm-none-eabi/10.3.1/thumb/v7e-m/nofp/crtend.o
LOAD c:/gcc-arm-none-eabi-10.3-2021.10/bin/../lib/gcc/arm-none-eabi/10.3.1/thumb/v7e-m/nofp/crtn.o
                0x0000c000                __base_PROGRAM_FLASH = 0xc000
                0x0000c000                __base_Flash = 0xc000
                0x0007fc00                __top_PROGRAM_FLASH = 0x7fc00
                0x0007fc00                __top_Flash = 0x7fc00
                0x20000000                __base_SRAM_UPPER = 0x20000000
                0x20000000                __base_RAM = 0x20000000
                0x20010000                __top_SRAM_UPPER = 0x20010000
                0x20010000                __top_RAM = 0x20010000
                0x1fff0000                __base_SRAM_LOWER = 0x1fff0000
                0x1fff0000                __base_RAM2 = 0x1fff0000
                0x20000000                __top_SRAM_LOWER = 0x20000000
                0x20000000                __top_RAM2 = 0x20000000

.text           0x0000c000      0x410
 FILL mask 0xff
                0x0000c000                __vectors_start__ = ABSOLUTE (.)
 *(.isr_vector)
 .isr_vector    0x0000c000      0x1bc Startup/startup_mk60d10.o
                0x0000c000                g_pfnVectors
                0x0000c000                __Vectors
                0x0000c1bc                . = ALIGN (0x4)
                0x0000c1bc                __section_table_start = .
                0x0000c1bc                __data_section_table = .
                0x0000c1bc        0x4 LONG 0x2d71c LOADADDR (.data)
                0x0000c1c0        0x4 LONG 0x20000000 ADDR (.data)
                0x0000c1c4        0x4 LONG 0x16d0 SIZEOF (.data)
                0x0000c1c8        0x4 LONG 0x2d71c LOADADDR (.data_RAM2)
                0x0000c1cc        0x4 LONG 0x1fff0000 ADDR (.data_RAM2)
                0x0000c1d0        0x4 LONG 0x0 SIZEOF (.data_RAM2)
                0x0000c1d4                __data_section_table_end = .
                0x0000c1d4                __bss_section_table = .
                0x0000c1d4        0x4 LONG 0x200016d0 ADDR (.bss)
                0x0000c1d8        0x4 LONG 0x6b4 SIZEOF (.bss)
                0x0000c1dc        0x4 LONG 0x1fff0000 ADDR (.bss_RAM2)
                0x0000c1e0        0x4 LONG 0x0 SIZEOF (.bss_RAM2)
                0x0000c1e4                __bss_section_table_end = .
                0x0000c1e4                __section_table_end = .
 *(.after_vectors*)
 .after_vectors.init_data
                0x0000c1e4       0x42 Startup/startup_mk60d10.o
                0x0000c1e4                data_init(unsigned int, unsigned int, unsigned int)
 .after_vectors.init_bss
                0x0000c226       0x36 Startup/startup_mk60d10.o
                0x0000c226                bss_init(unsigned int, unsigned int)
 .after_vectors.reset
                0x0000c25c       0xb4 Startup/startup_mk60d10.o
                0x0000c25c                ResetISR
 .after_vectors
                0x0000c310       0x3c Startup/startup_mk60d10.o
                0x0000c310                NMI_Handler
                0x0000c316                HardFault_Handler
                0x0000c31c                MemManage_Handler
                0x0000c322                BusFault_Handler
                0x0000c328                UsageFault_Handler
                0x0000c32e                SVC_Handler
                0x0000c334                DebugMon_Handler
                0x0000c33a                PendSV_Handler
                0x0000c340                SysTick_Handler
                0x0000c346                DMA_Error_DriverIRQHandler
                0x0000c346                LPTMR0_DriverIRQHandler
                0x0000c346                FTM1_DriverIRQHandler
                0x0000c346                FTM2_DriverIRQHandler
                0x0000c346                PIT2_DriverIRQHandler
                0x0000c346                SDHC_DriverIRQHandler
                0x0000c346                I2S0_Tx_DriverIRQHandler
                0x0000c346                TSI0_DriverIRQHandler
                0x0000c346                RTC_Seconds_DriverIRQHandler
                0x0000c346                Reserved109_DriverIRQHandler
                0x0000c346                DMA6_DriverIRQHandler
                0x0000c346                LLWU_DriverIRQHandler
                0x0000c346                MCM_DriverIRQHandler
                0x0000c346                MCG_DriverIRQHandler
                0x0000c346                ENET_1588_Timer_DriverIRQHandler
                0x0000c346                DAC1_DriverIRQHandler
                0x0000c346                SPI1_DriverIRQHandler
                0x0000c346                CMP1_DriverIRQHandler
                0x0000c346                UART5_RX_TX_DriverIRQHandler
                0x0000c346                FTM0_DriverIRQHandler
                0x0000c346                IntDefaultHandler
                0x0000c346                USB0_DriverIRQHandler
                0x0000c346                UART5_ERR_DriverIRQHandler
                0x0000c346                DMA11_DriverIRQHandler
                0x0000c346                DAC0_DriverIRQHandler
                0x0000c346                DMA10_DriverIRQHandler
                0x0000c346                CMP2_DriverIRQHandler
                0x0000c346                UART2_ERR_DriverIRQHandler
                0x0000c346                SPI2_DriverIRQHandler
                0x0000c346                LVD_LVW_DriverIRQHandler
                0x0000c346                RNG_DriverIRQHandler
                0x0000c346                DMA12_DriverIRQHandler
                0x0000c346                DMA4_DriverIRQHandler
                0x0000c346                UART2_RX_TX_DriverIRQHandler
                0x0000c346                USBDCD_DriverIRQHandler
                0x0000c346                UART3_ERR_DriverIRQHandler
                0x0000c346                DMA3_DriverIRQHandler
                0x0000c346                DMA8_DriverIRQHandler
                0x0000c346                DMA9_DriverIRQHandler
                0x0000c346                UART0_ERR_DriverIRQHandler
                0x0000c346                CMT_DriverIRQHandler
                0x0000c346                ADC1_DriverIRQHandler
                0x0000c346                DMA14_DriverIRQHandler
                0x0000c346                PIT3_DriverIRQHandler
                0x0000c346                PIT1_DriverIRQHandler
                0x0000c346                WDOG_EWM_DriverIRQHandler
                0x0000c346                PDB0_DriverIRQHandler
                0x0000c346                Reserved95_DriverIRQHandler
                0x0000c346                RTC_DriverIRQHandler
                0x0000c346                I2S0_Rx_DriverIRQHandler
                0x0000c346                Read_Collision_DriverIRQHandler
                0x0000c346                SWI_DriverIRQHandler
                0x0000c346                UART4_RX_TX_DriverIRQHandler
                0x0000c346                UART4_ERR_DriverIRQHandler
                0x0000c346                DMA0_DriverIRQHandler
                0x0000c346                UART0_LON_DriverIRQHandler
                0x0000c346                Reserved102_DriverIRQHandler
                0x0000c346                DMA1_DriverIRQHandler
                0x0000c346                I2C1_DriverIRQHandler
                0x0000c346                UART3_RX_TX_DriverIRQHandler
                0x0000c346                ENET_Receive_DriverIRQHandler
                0x0000c346                DMA13_DriverIRQHandler
                0x0000c346                ENET_Error_DriverIRQHandler
                0x0000c346                DMA15_DriverIRQHandler
                0x0000c346                SPI0_DriverIRQHandler
                0x0000c346                ADC0_DriverIRQHandler
                0x0000c346                FTFL_DriverIRQHandler
                0x0000c346                CMP0_DriverIRQHandler
                0x0000c346                CAN0_DriverIRQHandler
                0x0000c346                Reserved59_DriverIRQHandler
                0x0000c346                DMA5_DriverIRQHandler
                0x0000c346                UART1_ERR_DriverIRQHandler
                0x0000c346                DMA2_DriverIRQHandler
                0x0000c346                ENET_Transmit_DriverIRQHandler
                0x0000c346                I2C0_DriverIRQHandler
                0x0000c346                CAN1_DriverIRQHandler
                0x0000c346                DMA7_DriverIRQHandler
                0x0000c346                UART1_RX_TX_DriverIRQHandler
                0x0000c346                Reserved108_DriverIRQHandler
                0x00000400                . = 0x400
 *fill*         0x0000c34c       0xb4 ff
                0x0000c400                PROVIDE (__FLASH_CONFIG_START__ = .)
 *(.FlashConfig)
 .FlashConfig   0x0000c400       0x10 Startup/startup_mk60d10.o
                0x0000c410                PROVIDE (__FLASH_CONFIG_END__ = .)
                0x00000001                ASSERT (! ((__FLASH_CONFIG_START__ == __FLASH_CONFIG_END__)), Linker Flash Config Support Enabled, but no .FlashConfig section provided within application)

.glue_7         0x0000c410        0x0
 .glue_7        0x0000c410        0x0 linker stubs

.glue_7t        0x0000c410        0x0
 .glue_7t       0x0000c410        0x0 linker stubs

.vfp11_veneer   0x0000c410        0x0
 .vfp11_veneer  0x0000c410        0x0 linker stubs

.v4_bx          0x0000c410        0x0
 .v4_bx         0x0000c410        0x0 linker stubs

.iplt           0x0000c410        0x0
 .iplt          0x0000c410        0x0 c:/gcc-arm-none-eabi-10.3-2021.10/bin/../lib/gcc/arm-none-eabi/10.3.1/thumb/v7e-m/nofp/crtbegin.o

.text           0x0000c440    0x2105c
 *(.text*)
 .text          0x0000c440       0x40 c:/gcc-arm-none-eabi-10.3-2021.10/bin/../lib/gcc/arm-none-eabi/10.3.1/thumb/v7e-m/nofp/crtbegin.o
 .text._Z15WriteLogicValueN7FEHIcon4IconEi
                0x0000c480       0x40 ../main.o
                0x0000c480                WriteLogicValue(FEHIcon::Icon, int)
 .text._Z6MNMenuv
                0x0000c4c0      0x240 ../main.o
                0x0000c4c0                MNMenu()
 .text._Z6DCMenuv
                0x0000c700      0x4c4 ../main.o
                0x0000c700                DCMenu()
 .text._Z6SVMenuv
                0x0000cbc4      0x5ec ../main.o
                0x0000cbc4                SVMenu()
 .text._Z6DIMenuv
                0x0000d1b0      0xe18 ../main.o
                0x0000d1b0                DIMenu()
 .text._Z6AIMenuv
                0x0000dfc8      0xe10 ../main.o
                0x0000dfc8                AIMenu()
 .text._Z6ACMenuv
                0x0000edd8      0x400 ../main.o
                0x0000edd8                ACMenu()
 .text._Z6TOMenuv
                0x0000f1d8      0x438 ../main.o
                0x0000f1d8                TOMenu()
 .text._Z6DOMenuv
                0x0000f610     0x15d8 ../main.o
                0x0000f610                DOMenu()
 .text._Z6RPMenuv
                0x00010be8      0x368 ../main.o
                0x00010be8                RPMenu()
 .text.main     0x00010f50       0x88 ../main.o
                0x00010f50                main
 .text.PORTD_IRQHandler
                0x00010fd8       0x50 Startup/startup_mk60d10.o
                0x00010fd8                PORTD_IRQHandler
 .text._Z15InitPowerButtonv
                0x00011028       0x60 Startup/startup_mk60d10.o
                0x00011028                InitPowerButton()
 .text._ZL11pll_init_blv
                0x00011088       0xe0 Startup/startup_mk60d10.o
 .text._Z14InitFEHProteusv
                0x00011168       0xec Startup/startup_mk60d10.o
                0x00011168                InitFEHProteus()
 .text.DMA0_IRQHandler
                0x00011254        0xc Startup/startup_mk60d10.o
                0x00011254                DMA0_IRQHandler
 .text.DMA1_IRQHandler
                0x00011260        0xc Startup/startup_mk60d10.o
                0x00011260                DMA1_IRQHandler
 .text.DMA2_IRQHandler
                0x0001126c        0xc Startup/startup_mk60d10.o
                0x0001126c                DMA2_IRQHandler
 .text.DMA3_IRQHandler
                0x00011278        0xc Startup/startup_mk60d10.o
                0x00011278                DMA3_IRQHandler
 .text.DMA4_IRQHandler
                0x00011284        0xc Startup/startup_mk60d10.o
                0x00011284                DMA4_IRQHandler
 .text.DMA5_IRQHandler
                0x00011290        0xc Startup/startup_mk60d10.o
                0x00011290                DMA5_IRQHandler
 .text.DMA6_IRQHandler
                0x0001129c        0xc Startup/startup_mk60d10.o
                0x0001129c                DMA6_IRQHandler
 .text.DMA7_IRQHandler
                0x000112a8        0xc Startup/startup_mk60d10.o
                0x000112a8                DMA7_IRQHandler
 .text.DMA8_IRQHandler
                0x000112b4        0xc Startup/startup_mk60d10.o
                0x000112b4                DMA8_IRQHandler
 .text.DMA9_IRQHandler
                0x000112c0        0xc Startup/startup_mk60d10.o
                0x000112c0                DMA9_IRQHandler
 .text.DMA10_IRQHandler
                0x000112cc        0xc Startup/startup_mk60d10.o
                0x000112cc                DMA10_IRQHandler
 .text.DMA11_IRQHandler
                0x000112d8        0xc Startup/startup_mk60d10.o
                0x000112d8                DMA11_IRQHandler
 .text.DMA12_IRQHandler
                0x000112e4        0xc Startup/startup_mk60d10.o
                0x000112e4                DMA12_IRQHandler
 .text.DMA13_IRQHandler
                0x000112f0        0xc Startup/startup_mk60d10.o
                0x000112f0                DMA13_IRQHandler
 .text.DMA14_IRQHandler
                0x000112fc        0xc Startup/startup_mk60d10.o
                0x000112fc                DMA14_IRQHandler
 .text.DMA15_IRQHandler
                0x00011308        0xc Startup/startup_mk60d10.o
                0x00011308                DMA15_IRQHandler
 .text.DMA_Error_IRQHandler
                0x00011314        0xc Startup/startup_mk60d10.o
                0x00011314                DMA_Error_IRQHandler
 .text.MCM_IRQHandler
                0x00011320        0xc Startup/startup_mk60d10.o
                0x00011320                MCM_IRQHandler
 .text.FTFL_IRQHandler
                0x0001132c        0xc Startup/startup_mk60d10.o
                0x0001132c                FTFL_IRQHandler
 .text.Read_Collision_IRQHandler
                0x00011338        0xc Startup/startup_mk60d10.o
                0x00011338                Read_Collision_IRQHandler
 .text.LVD_LVW_IRQHandler
                0x00011344        0xc Startup/startup_mk60d10.o
                0x00011344                LVD_LVW_IRQHandler
 .text.LLWU_IRQHandler
                0x00011350        0xc Startup/startup_mk60d10.o
                0x00011350                LLWU_IRQHandler
 .text.WDOG_EWM_IRQHandler
                0x0001135c        0xc Startup/startup_mk60d10.o
                0x0001135c                WDOG_EWM_IRQHandler
 .text.RNG_IRQHandler
                0x00011368        0xc Startup/startup_mk60d10.o
                0x00011368                RNG_IRQHandler
 .text.I2C0_IRQHandler
                0x00011374        0xc Startup/startup_mk60d10.o
                0x00011374                I2C0_IRQHandler
 .text.I2C1_IRQHandler
                0x00011380        0xc Startup/startup_mk60d10.o
                0x00011380                I2C1_IRQHandler
 .text.SPI0_IRQHandler
                0x0001138c        0xc Startup/startup_mk60d10.o
                0x0001138c                SPI0_IRQHandler
 .text.SPI1_IRQHandler
                0x00011398        0xc Startup/startup_mk60d10.o
                0x00011398                SPI1_IRQHandler
 .text.SPI2_IRQHandler
                0x000113a4        0xc Startup/startup_mk60d10.o
                0x000113a4                SPI2_IRQHandler
 .text.CAN0_ORed_Message_buffer_IRQHandler
                0x000113b0        0xc Startup/startup_mk60d10.o
                0x000113b0                CAN0_ORed_Message_buffer_IRQHandler
 .text.CAN0_Bus_Off_IRQHandler
                0x000113bc        0xc Startup/startup_mk60d10.o
                0x000113bc                CAN0_Bus_Off_IRQHandler
 .text.CAN0_Error_IRQHandler
                0x000113c8        0xc Startup/startup_mk60d10.o
                0x000113c8                CAN0_Error_IRQHandler
 .text.CAN0_Tx_Warning_IRQHandler
                0x000113d4        0xc Startup/startup_mk60d10.o
                0x000113d4                CAN0_Tx_Warning_IRQHandler
 .text.CAN0_Rx_Warning_IRQHandler
                0x000113e0        0xc Startup/startup_mk60d10.o
                0x000113e0                CAN0_Rx_Warning_IRQHandler
 .text.CAN0_Wake_Up_IRQHandler
                0x000113ec        0xc Startup/startup_mk60d10.o
                0x000113ec                CAN0_Wake_Up_IRQHandler
 .text.I2S0_Tx_IRQHandler
                0x000113f8        0xc Startup/startup_mk60d10.o
                0x000113f8                I2S0_Tx_IRQHandler
 .text.I2S0_Rx_IRQHandler
                0x00011404        0xc Startup/startup_mk60d10.o
                0x00011404                I2S0_Rx_IRQHandler
 .text.CAN1_ORed_Message_buffer_IRQHandler
                0x00011410        0xc Startup/startup_mk60d10.o
                0x00011410                CAN1_ORed_Message_buffer_IRQHandler
 .text.CAN1_Bus_Off_IRQHandler
                0x0001141c        0xc Startup/startup_mk60d10.o
                0x0001141c                CAN1_Bus_Off_IRQHandler
 .text.CAN1_Error_IRQHandler
                0x00011428        0xc Startup/startup_mk60d10.o
                0x00011428                CAN1_Error_IRQHandler
 .text.CAN1_Tx_Warning_IRQHandler
                0x00011434        0xc Startup/startup_mk60d10.o
                0x00011434                CAN1_Tx_Warning_IRQHandler
 .text.CAN1_Rx_Warning_IRQHandler
                0x00011440        0xc Startup/startup_mk60d10.o
                0x00011440                CAN1_Rx_Warning_IRQHandler
 .text.CAN1_Wake_Up_IRQHandler
                0x0001144c        0xc Startup/startup_mk60d10.o
                0x0001144c                CAN1_Wake_Up_IRQHandler
 .text.Reserved59_IRQHandler
                0x00011458        0xc Startup/startup_mk60d10.o
                0x00011458                Reserved59_IRQHandler
 .text.UART0_LON_IRQHandler
                0x00011464        0xc Startup/startup_mk60d10.o
                0x00011464                UART0_LON_IRQHandler
 .text.UART0_ERR_IRQHandler
                0x00011470        0xc Startup/startup_mk60d10.o
                0x00011470                UART0_ERR_IRQHandler
 .text.UART1_RX_TX_IRQHandler
                0x0001147c        0xc Startup/startup_mk60d10.o
                0x0001147c                UART1_RX_TX_IRQHandler
 .text.UART1_ERR_IRQHandler
                0x00011488        0xc Startup/startup_mk60d10.o
                0x00011488                UART1_ERR_IRQHandler
 .text.UART2_RX_TX_IRQHandler
                0x00011494        0xc Startup/startup_mk60d10.o
                0x00011494                UART2_RX_TX_IRQHandler
 .text.UART2_ERR_IRQHandler
                0x000114a0        0xc Startup/startup_mk60d10.o
                0x000114a0                UART2_ERR_IRQHandler
 .text.UART3_RX_TX_IRQHandler
                0x000114ac        0xc Startup/startup_mk60d10.o
                0x000114ac                UART3_RX_TX_IRQHandler
 .text.UART3_ERR_IRQHandler
                0x000114b8        0xc Startup/startup_mk60d10.o
                0x000114b8                UART3_ERR_IRQHandler
 .text.UART4_RX_TX_IRQHandler
                0x000114c4        0xc Startup/startup_mk60d10.o
                0x000114c4                UART4_RX_TX_IRQHandler
 .text.UART4_ERR_IRQHandler
                0x000114d0        0xc Startup/startup_mk60d10.o
                0x000114d0                UART4_ERR_IRQHandler
 .text.UART5_RX_TX_IRQHandler
                0x000114dc        0xc Startup/startup_mk60d10.o
                0x000114dc                UART5_RX_TX_IRQHandler
 .text.UART5_ERR_IRQHandler
                0x000114e8        0xc Startup/startup_mk60d10.o
                0x000114e8                UART5_ERR_IRQHandler
 .text.ADC0_IRQHandler
                0x000114f4        0xc Startup/startup_mk60d10.o
                0x000114f4                ADC0_IRQHandler
 .text.ADC1_IRQHandler
                0x00011500        0xc Startup/startup_mk60d10.o
                0x00011500                ADC1_IRQHandler
 .text.CMP0_IRQHandler
                0x0001150c        0xc Startup/startup_mk60d10.o
                0x0001150c                CMP0_IRQHandler
 .text.CMP1_IRQHandler
                0x00011518        0xc Startup/startup_mk60d10.o
                0x00011518                CMP1_IRQHandler
 .text.CMP2_IRQHandler
                0x00011524        0xc Startup/startup_mk60d10.o
                0x00011524                CMP2_IRQHandler
 .text.FTM0_IRQHandler
                0x00011530        0xc Startup/startup_mk60d10.o
                0x00011530                FTM0_IRQHandler
 .text.FTM1_IRQHandler
                0x0001153c        0xc Startup/startup_mk60d10.o
                0x0001153c                FTM1_IRQHandler
 .text.FTM2_IRQHandler
                0x00011548        0xc Startup/startup_mk60d10.o
                0x00011548                FTM2_IRQHandler
 .text.CMT_IRQHandler
                0x00011554        0xc Startup/startup_mk60d10.o
                0x00011554                CMT_IRQHandler
 .text.RTC_IRQHandler
                0x00011560        0xc Startup/startup_mk60d10.o
                0x00011560                RTC_IRQHandler
 .text.RTC_Seconds_IRQHandler
                0x0001156c        0xc Startup/startup_mk60d10.o
                0x0001156c                RTC_Seconds_IRQHandler
 .text.PIT1_IRQHandler
                0x00011578        0xc Startup/startup_mk60d10.o
                0x00011578                PIT1_IRQHandler
 .text.PIT2_IRQHandler
                0x00011584        0xc Startup/startup_mk60d10.o
                0x00011584                PIT2_IRQHandler
 .text.PIT3_IRQHandler
                0x00011590        0xc Startup/startup_mk60d10.o
                0x00011590                PIT3_IRQHandler
 .text.PDB0_IRQHandler
                0x0001159c        0xc Startup/startup_mk60d10.o
                0x0001159c                PDB0_IRQHandler
 .text.USB0_IRQHandler
                0x000115a8        0xc Startup/startup_mk60d10.o
                0x000115a8                USB0_IRQHandler
 .text.USBDCD_IRQHandler
                0x000115b4        0xc Startup/startup_mk60d10.o
                0x000115b4                USBDCD_IRQHandler
 .text.ENET_1588_Timer_IRQHandler
                0x000115c0        0xc Startup/startup_mk60d10.o
                0x000115c0                ENET_1588_Timer_IRQHandler
 .text.ENET_Transmit_IRQHandler
                0x000115cc        0xc Startup/startup_mk60d10.o
                0x000115cc                ENET_Transmit_IRQHandler
 .text.ENET_Receive_IRQHandler
                0x000115d8        0xc Startup/startup_mk60d10.o
                0x000115d8                ENET_Receive_IRQHandler
 .text.ENET_Error_IRQHandler
                0x000115e4        0xc Startup/startup_mk60d10.o
                0x000115e4                ENET_Error_IRQHandler
 .text.Reserved95_IRQHandler
                0x000115f0        0xc Startup/startup_mk60d10.o
                0x000115f0                Reserved95_IRQHandler
 .text.SDHC_IRQHandler
                0x000115fc        0xc Startup/startup_mk60d10.o
                0x000115fc                SDHC_IRQHandler
 .text.DAC0_IRQHandler
                0x00011608        0xc Startup/startup_mk60d10.o
                0x00011608                DAC0_IRQHandler
 .text.DAC1_IRQHandler
                0x00011614        0xc Startup/startup_mk60d10.o
                0x00011614                DAC1_IRQHandler
 .text.TSI0_IRQHandler
                0x00011620        0xc Startup/startup_mk60d10.o
                0x00011620                TSI0_IRQHandler
 .text.MCG_IRQHandler
                0x0001162c        0xc Startup/startup_mk60d10.o
                0x0001162c                MCG_IRQHandler
 .text.LPTMR0_IRQHandler
                0x00011638        0xc Startup/startup_mk60d10.o
                0x00011638                LPTMR0_IRQHandler
 .text.Reserved102_IRQHandler
                0x00011644        0xc Startup/startup_mk60d10.o
                0x00011644                Reserved102_IRQHandler
 .text.Reserved108_IRQHandler
                0x00011650        0xc Startup/startup_mk60d10.o
                0x00011650                Reserved108_IRQHandler
 .text.Reserved109_IRQHandler
                0x0001165c        0xc Startup/startup_mk60d10.o
                0x0001165c                Reserved109_IRQHandler
 .text.SWI_IRQHandler
                0x00011668        0xc Startup/startup_mk60d10.o
                0x00011668                SWI_IRQHandler
 *fill*         0x00011674        0x4 
 .text._ZN8FEHMotorC2ENS_12FEHMotorPortEf
                0x00011678       0x7c Libraries/FEHMotor.o
                0x00011678                FEHMotor::FEHMotor(FEHMotor::FEHMotorPort, float)
                0x00011678                FEHMotor::FEHMotor(FEHMotor::FEHMotorPort, float)
 .text._ZN8FEHMotor4StopEv
                0x000116f4       0x30 Libraries/FEHMotor.o
                0x000116f4                FEHMotor::Stop()
 .text._ZN8FEHMotor8SetPowerEi
                0x00011724       0x54 Libraries/FEHMotor.o
                0x00011724                FEHMotor::SetPower(int)
 .text._ZN8FEHMotor10SetPercentEf
                0x00011778       0xf8 Libraries/FEHMotor.o
                0x00011778                FEHMotor::SetPercent(float)
 .text._Z21IIC_StartTransmissionhh
                0x00011870       0x6c Drivers/i2c.o
                0x00011870                IIC_StartTransmission(unsigned char, unsigned char)
 .text._Z5Pausev
                0x000118dc       0x24 Drivers/i2c.o
                0x000118dc                Pause()
 .text._Z22u8MMA8451QReadRegisterh
                0x00011900       0xbc Drivers/i2c.o
                0x00011900                u8MMA8451QReadRegister(unsigned char)
 .text._Z21MMA8451QWriteRegisterhh
                0x000119bc       0x68 Drivers/i2c.o
                0x000119bc                MMA8451QWriteRegister(unsigned char, unsigned char)
 .text._Z10didTimeoutv
                0x00011a24       0x14 Drivers/i2c.o
                0x00011a24                didTimeout()
 .text._Z8i2c_Waitv
                0x00011a38       0x6c Drivers/i2c.o
                0x00011a38                i2c_Wait()
 .text._Z12SPI_SendCharh
                0x00011aa4       0x1a Drivers/spi.o
                0x00011aa4                SPI_SendChar(unsigned char)
 .text._Z16SPI_WriteCommandhh
                0x00011abe       0x34 Drivers/spi.o
                0x00011abe                SPI_WriteCommand(unsigned char, unsigned char)
 .text._Z11SPI_GetCharv
                0x00011af2       0x10 Drivers/spi.o
                0x00011af2                SPI_GetChar()
 .text._Z15SPI_ReadCommandh
                0x00011b02       0x38 Drivers/spi.o
                0x00011b02                SPI_ReadCommand(unsigned char)
 *fill*         0x00011b3a        0x2 
 .text._Z13SPI_CS_Assertv
                0x00011b3c       0x1c Drivers/spi.o
                0x00011b3c                SPI_CS_Assert()
 .text._Z15SPI_CS_Deassertv
                0x00011b58       0x1c Drivers/spi.o
                0x00011b58                SPI_CS_Deassert()
 .text._Z12SPI_Transferh
                0x00011b74       0x6c Drivers/spi.o
                0x00011b74                SPI_Transfer(unsigned char)
 .text._Z8SPI_Initv
                0x00011be0       0xa0 Drivers/spi.o
                0x00011be0                SPI_Init()
 .text._Z9uart_initPV11UART_MemMapii
                0x00011c80      0x174 Drivers/uart.o
                0x00011c80                uart_init(UART_MemMap volatile*, int, int)
 .text._Z12uart_getcharPV11UART_MemMap
                0x00011df4       0x32 Drivers/uart.o
                0x00011df4                uart_getchar(UART_MemMap volatile*)
 .text._Z12uart_putcharPV11UART_MemMapc
                0x00011e26       0x32 Drivers/uart.o
                0x00011e26                uart_putchar(UART_MemMap volatile*, char)
 .text._ZL7mem_cpyPvPKvj
                0x00011e58       0x44 Drivers/ff.o
 .text._ZL7mem_setPvij
                0x00011e9c       0x3c Drivers/ff.o
 .text._ZL7mem_cmpPKvS0_j
                0x00011ed8       0x56 Drivers/ff.o
 .text._ZL7chk_chrPKci
                0x00011f2e       0x34 Drivers/ff.o
 .text._ZL11move_windowP5FATFSm
                0x00011f62       0xc8 Drivers/ff.o
 .text._ZL4syncP5FATFS
                0x0001202a      0x14c Drivers/ff.o
 .text._Z10clust2sectP5FATFSm
                0x00012176       0x3c Drivers/ff.o
                0x00012176                clust2sect(FATFS*, unsigned long)
 .text._Z7get_fatP5FATFSm
                0x000121b2      0x192 Drivers/ff.o
                0x000121b2                get_fat(FATFS*, unsigned long)
 .text._Z7put_fatP5FATFSmm
                0x00012344      0x20a Drivers/ff.o
                0x00012344                put_fat(FATFS*, unsigned long, unsigned long)
 .text._ZL12remove_chainP5FATFSm
                0x0001254e       0x9c Drivers/ff.o
 .text._ZL12create_chainP5FATFSm
                0x000125ea      0x112 Drivers/ff.o
 .text._ZL10clmt_clustP3FILm
                0x000126fc       0x62 Drivers/ff.o
 .text._ZL7dir_sdiP3DIRt
                0x0001275e      0x100 Drivers/ff.o
 .text._ZL8dir_nextP3DIRi
                0x0001285e      0x1b6 Drivers/ff.o
 .text._ZL8dir_findP3DIR
                0x00012a14       0xa0 Drivers/ff.o
 .text._ZL12dir_registerP3DIR
                0x00012ab4       0xae Drivers/ff.o
 *fill*         0x00012b62        0x2 
 .text._ZL11create_nameP3DIRPPKc
                0x00012b64      0x1f4 Drivers/ff.o
 .text._ZL11follow_pathP3DIRPKc
                0x00012d58      0x12c Drivers/ff.o
 .text._ZL8check_fsP5FATFSm
                0x00012e84       0xd8 Drivers/ff.o
 .text._ZL11chk_mountedPPKcPP5FATFSh
                0x00012f5c      0x534 Drivers/ff.o
 .text._ZL8validateP5FATFSt
                0x00013490       0x54 Drivers/ff.o
 .text._Z7f_mounthP5FATFS
                0x000134e4       0x54 Drivers/ff.o
                0x000134e4                f_mount(unsigned char, FATFS*)
 .text._Z6f_openP3FILPKch
                0x00013538      0x2de Drivers/ff.o
                0x00013538                f_open(FIL*, char const*, unsigned char)
 .text._Z7f_writeP3FILPKvjPj
                0x00013816      0x33c Drivers/ff.o
                0x00013816                f_write(FIL*, void const*, unsigned int, unsigned int*)
 .text._Z6f_syncP3FIL
                0x00013b52      0x186 Drivers/ff.o
                0x00013b52                f_sync(FIL*)
 .text._Z7f_closeP3FIL
                0x00013cd8       0x28 Drivers/ff.o
                0x00013cd8                f_close(FIL*)
 .text._Z7f_lseekP3FILm
                0x00013d00      0x4be Drivers/ff.o
                0x00013d00                f_lseek(FIL*, unsigned long)
 .text._Z6f_putccP3FIL
                0x000141be       0x3c Drivers/ff.o
                0x000141be                f_putc(char, FIL*)
 .text._Z6f_putsPKcP3FIL
                0x000141fa       0x52 Drivers/ff.o
                0x000141fa                f_puts(char const*, FIL*)
 .text._Z5powerii
                0x0001424c       0x3c Drivers/ff.o
                0x0001424c                power(int, int)
 .text._Z8f_printfP3FILPKcSt9__va_list
                0x00014288      0x620 Drivers/ff.o
                0x00014288                f_printf(FIL*, char const*, std::__va_list)
 .text._ZL17SDHC_set_baudratemm
                0x000148a8       0xe8 Drivers/SDHC.o
 .text._Z9SDHC_initP17esdhc_info_structPK17esdhc_init_struct
                0x00014990      0x130 Drivers/SDHC.o
                0x00014990                SDHC_init(esdhc_info_struct*, esdhc_init_struct const*)
 .text._ZL15SDHC_is_runningv
                0x00014ac0       0x24 Drivers/SDHC.o
 .text._ZL16SDHC_status_waitm
                0x00014ae4       0x2c Drivers/SDHC.o
 .text._ZL17SDHC_send_commandP20esdhc_command_struct
                0x00014b10      0x1f8 Drivers/SDHC.o
 .text._Z10SDHC_ioctlmPv
                0x00014d08      0x6f0 Drivers/SDHC.o
                0x00014d08                SDHC_ioctl(unsigned long, void*)
 .text._Z15disk_initializeh
                0x000153f8      0x384 Drivers/SDHC.o
                0x000153f8                disk_initialize(unsigned char)
 .text._ZL14rcvr_datablockPhm
                0x0001577c       0xf0 Drivers/SDHC.o
 .text._Z9disk_readhPhmh
                0x0001586c      0x124 Drivers/SDHC.o
                0x0001586c                disk_read(unsigned char, unsigned char*, unsigned long, unsigned char)
 .text._ZL14xmit_datablockPKhm
                0x00015990       0xa4 Drivers/SDHC.o
 .text._Z10disk_writehPKhmh
                0x00015a34      0x198 Drivers/SDHC.o
                0x00015a34                disk_write(unsigned char, unsigned char const*, unsigned long, unsigned char)
 .text._Z10disk_ioctlhhPv
                0x00015bcc      0x104 Drivers/SDHC.o
                0x00015bcc                disk_ioctl(unsigned char, unsigned char, void*)
 .text._Z11disk_statush
                0x00015cd0       0x28 Drivers/SDHC.o
                0x00015cd0                disk_status(unsigned char)
 .text._Z13time_delay_msm
                0x00015cf8       0x6c Drivers/lptmr.o
                0x00015cf8                time_delay_ms(unsigned long)
 .text._Z41__static_initialization_and_destruction_0ii
                0x00015d64       0x2c FEHProteus.o
 .text._GLOBAL__sub_I_Propeller
                0x00015d90       0x10 FEHProteus.o
 .text._ZN12FEHPropellerC2Ev
                0x00015da0       0x1a Drivers/FEHPropeller.o
                0x00015da0                FEHPropeller::FEHPropeller()
                0x00015da0                FEHPropeller::FEHPropeller()
 *fill*         0x00015dba        0x2 
 .text._ZN12FEHPropeller10InitializeEv
                0x00015dbc       0x74 Drivers/FEHPropeller.o
                0x00015dbc                FEHPropeller::Initialize()
 .text._ZN12FEHPropeller12SetMotorRateEhhh
                0x00015e30       0x5c Drivers/FEHPropeller.o
                0x00015e30                FEHPropeller::SetMotorRate(unsigned char, unsigned char, unsigned char)
 .text._ZL5Delaymjj
                0x00015e8c       0x94 Libraries/FEHUtility.o
 .text._Z5Sleepi
                0x00015f20       0x2c Libraries/FEHUtility.o
                0x00015f20                Sleep(int)
 .text._Z5Sleepd
                0x00015f4c       0x4c Libraries/FEHUtility.o
                0x00015f4c                Sleep(double)
 .text._Z11TimeNowMSecv
                0x00015f98       0x38 Libraries/FEHUtility.o
                0x00015f98                TimeNowMSec()
 .text._ZN15DigitalInputPinC2EN5FEHIO8FEHIOPinE
                0x00015fd0       0x20 Libraries/FEHIO.o
                0x00015fd0                DigitalInputPin::DigitalInputPin(FEHIO::FEHIOPin)
                0x00015fd0                DigitalInputPin::DigitalInputPin(FEHIO::FEHIOPin)
 .text._ZN15DigitalInputPin10InitializeEN5FEHIO8FEHIOPinE
                0x00015ff0      0x198 Libraries/FEHIO.o
                0x00015ff0                DigitalInputPin::Initialize(FEHIO::FEHIOPin)
 .text._ZN15DigitalInputPin5ValueEv
                0x00016188      0x108 Libraries/FEHIO.o
                0x00016188                DigitalInputPin::Value()
 .text._Z16PORTB_IRQHandlerv
                0x00016290       0x9c Libraries/FEHIO.o
                0x00016290                PORTB_IRQHandler()
 .text._Z16PORTC_IRQHandlerv
                0x0001632c       0x9c Libraries/FEHIO.o
                0x0001632c                PORTC_IRQHandler()
 .text._Z16PORTA_IRQHandlerv
                0x000163c8       0xa0 Libraries/FEHIO.o
                0x000163c8                PORTA_IRQHandler()
 .text._Z16PORTE_IRQHandlerv
                0x00016468       0x98 Libraries/FEHIO.o
                0x00016468                PORTE_IRQHandler()
 .text._ZN14AnalogInputPinC2EN5FEHIO8FEHIOPinE
                0x00016500       0x1e Libraries/FEHIO.o
                0x00016500                AnalogInputPin::AnalogInputPin(FEHIO::FEHIOPin)
                0x00016500                AnalogInputPin::AnalogInputPin(FEHIO::FEHIOPin)
 *fill*         0x0001651e        0x2 
 .text._ZN14AnalogInputPin5ValueEv
                0x00016520      0x120 Libraries/FEHIO.o
                0x00016520                AnalogInputPin::Value()
 .text._ZN13AnalogEncoder12EncoderValueEv
                0x00016640       0xb0 Libraries/FEHIO.o
                0x00016640                AnalogEncoder::EncoderValue()
 .text._ZN16DigitalOutputPinC2EN5FEHIO8FEHIOPinE
                0x000166f0      0x19c Libraries/FEHIO.o
                0x000166f0                DigitalOutputPin::DigitalOutputPin(FEHIO::FEHIOPin)
                0x000166f0                DigitalOutputPin::DigitalOutputPin(FEHIO::FEHIOPin)
 .text._ZN16DigitalOutputPin5WriteEb
                0x0001688c      0x1f8 Libraries/FEHIO.o
                0x0001688c                DigitalOutputPin::Write(bool)
 .text._ZN16DigitalOutputPin6ToggleEv
                0x00016a84      0x10c Libraries/FEHIO.o
                0x00016a84                DigitalOutputPin::Toggle()
 .text._ZN14AnalogInputPin8InitADCsEv
                0x00016b90       0x98 Libraries/FEHIO.o
                0x00016b90                AnalogInputPin::InitADCs()
 .text._Z15PIT0_IRQHandlerv
                0x00016c28       0x28 Libraries/FEHIO.o
                0x00016c28                PIT0_IRQHandler()
 .text._ZN13AnalogEncoder4InitEv
                0x00016c50       0x44 Libraries/FEHIO.o
                0x00016c50                AnalogEncoder::Init()
 .text._ZN13AnalogEncoder14SetCounterInitEj
                0x00016c94       0x20 Libraries/FEHIO.o
                0x00016c94                AnalogEncoder::SetCounterInit(unsigned int)
 .text._ZN13AnalogEncoder10ProcessIntEv
                0x00016cb4       0x68 Libraries/FEHIO.o
                0x00016cb4                AnalogEncoder::ProcessInt()
 .text._ZN13AnalogEncoder14ProcessIntSelfEv
                0x00016d1c       0x6e Libraries/FEHIO.o
                0x00016d1c                AnalogEncoder::ProcessIntSelf()
 .text._Z7ADC_CalPV10ADC_MemMap
                0x00016d8a      0x13e Drivers/adc16.o
                0x00016d8a                ADC_Cal(ADC_MemMap volatile*)
 .text._Z14ADC_Config_AltPV10ADC_MemMapP7adc_cfg
                0x00016ec8       0x6c Drivers/adc16.o
                0x00016ec8                ADC_Config_Alt(ADC_MemMap volatile*, adc_cfg*)
 .text._ZN9FEHBuzzer4BuzzEi
                0x00016f34       0x1e Libraries/FEHBuzzer.o
                0x00016f34                FEHBuzzer::Buzz(int)
 *fill*         0x00016f52        0x2 
 .text._ZN9FEHBuzzer4ToneEii
                0x00016f54       0x78 Libraries/FEHBuzzer.o
                0x00016f54                FEHBuzzer::Tone(int, int)
 .text._ZN9FEHBuzzerC2Ev
                0x00016fcc       0x14 Libraries/FEHBuzzer.o
                0x00016fcc                FEHBuzzer::FEHBuzzer()
                0x00016fcc                FEHBuzzer::FEHBuzzer()
 .text._Z41__static_initialization_and_destruction_0ii
                0x00016fe0       0x2c Libraries/FEHBuzzer.o
 .text._GLOBAL__sub_I_Buzzer
                0x0001700c       0x10 Libraries/FEHBuzzer.o
 .text._ZN8FEHServoC2ENS_12FEHServoPortE
                0x0001701c       0x38 Libraries/FEHServo.o
                0x0001701c                FEHServo::FEHServo(FEHServo::FEHServoPort)
                0x0001701c                FEHServo::FEHServo(FEHServo::FEHServoPort)
 .text._ZN8FEHServo9SetDegreeEf
                0x00017054       0xf8 Libraries/FEHServo.o
                0x00017054                FEHServo::SetDegree(float)
 .text._ZN6FEHLCD11_InitializeEv
                0x0001714c      0x410 Libraries/FEHLCD.o
                0x0001714c                FEHLCD::_Initialize()
 .text._ZN6FEHLCDC2Ev
                0x0001755c       0x50 Libraries/FEHLCD.o
                0x0001755c                FEHLCD::FEHLCD()
                0x0001755c                FEHLCD::FEHLCD()
 .text._ZN6FEHLCD10InitializeEv
                0x000175ac       0x28 Libraries/FEHLCD.o
                0x000175ac                FEHLCD::Initialize()
 .text._ZN6FEHLCD10PrintImageEii
                0x000175d4       0xbc Libraries/FEHLCD.o
                0x000175d4                FEHLCD::PrintImage(int, int)
 .text._ZN6FEHLCD9PrintLogoEii
                0x00017690       0xbc Libraries/FEHLCD.o
                0x00017690                FEHLCD::PrintLogo(int, int)
 .text._ZN6FEHLCD22ConvertFEHColorTo24BitENS_11FEHLCDColorE
                0x0001774c       0x78 Libraries/FEHLCD.o
                0x0001774c                FEHLCD::ConvertFEHColorTo24Bit(FEHLCD::FEHLCDColor)
 .text._ZN6FEHLCD24Convert24BitColorTo16BitEj
                0x000177c4       0x30 Libraries/FEHLCD.o
                0x000177c4                FEHLCD::Convert24BitColorTo16Bit(unsigned int)
 .text._ZN6FEHLCD22ConvertRGBColorTo16BitEhhh
                0x000177f4       0x4a Libraries/FEHLCD.o
                0x000177f4                FEHLCD::ConvertRGBColorTo16Bit(unsigned char, unsigned char, unsigned char)
 .text._ZN6FEHLCD5ClearENS_11FEHLCDColorE
                0x0001783e       0x28 Libraries/FEHLCD.o
                0x0001783e                FEHLCD::Clear(FEHLCD::FEHLCDColor)
 .text._ZN6FEHLCD5ClearEj
                0x00017866       0x2c Libraries/FEHLCD.o
                0x00017866                FEHLCD::Clear(unsigned int)
 .text._ZN6FEHLCD5ClearEv
                0x00017892       0x16 Libraries/FEHLCD.o
                0x00017892                FEHLCD::Clear()
 .text._ZN6FEHLCD18SetBackgroundColorENS_11FEHLCDColorE
                0x000178a8       0x28 Libraries/FEHLCD.o
                0x000178a8                FEHLCD::SetBackgroundColor(FEHLCD::FEHLCDColor)
 .text._ZN6FEHLCD18SetBackgroundColorEj
                0x000178d0       0x26 Libraries/FEHLCD.o
                0x000178d0                FEHLCD::SetBackgroundColor(unsigned int)
 .text._ZN6FEHLCD12SetFontColorENS_11FEHLCDColorE
                0x000178f6       0x28 Libraries/FEHLCD.o
                0x000178f6                FEHLCD::SetFontColor(FEHLCD::FEHLCDColor)
 .text._ZN6FEHLCD12SetFontColorEj
                0x0001791e       0x26 Libraries/FEHLCD.o
                0x0001791e                FEHLCD::SetFontColor(unsigned int)
 .text._ZN6FEHLCD7WriteAtEPKcii
                0x00017944       0x46 Libraries/FEHLCD.o
                0x00017944                FEHLCD::WriteAt(char const*, int, int)
 *fill*         0x0001798a        0x2 
 .text._ZN6FEHLCD7WriteAtEfii
                0x0001798c       0xb8 Libraries/FEHLCD.o
                0x0001798c                FEHLCD::WriteAt(float, int, int)
 .text._ZN6FEHLCD11TS_SPI_InitEv
                0x00017a44       0x7c Libraries/FEHLCD.o
                0x00017a44                FEHLCD::TS_SPI_Init()
 .text._ZN6FEHLCD5TouchEPfS0_
                0x00017ac0      0x1fc Libraries/FEHLCD.o
                0x00017ac0                FEHLCD::Touch(float*, float*)
 .text._ZN6FEHLCD3absEi
                0x00017cbc       0x22 Libraries/FEHLCD.o
                0x00017cbc                FEHLCD::abs(int)
 .text._ZN6FEHLCD5WriteEPKc
                0x00017cde       0x4e Libraries/FEHLCD.o
                0x00017cde                FEHLCD::Write(char const*)
 .text._ZN6FEHLCD5WriteEi
                0x00017d2c       0x30 Libraries/FEHLCD.o
                0x00017d2c                FEHLCD::Write(int)
 .text._ZN6FEHLCD5WriteEc
                0x00017d5c       0x30 Libraries/FEHLCD.o
                0x00017d5c                FEHLCD::Write(char)
 .text._ZN6FEHLCD9WriteLineEPKc
                0x00017d8c       0x26 Libraries/FEHLCD.o
                0x00017d8c                FEHLCD::WriteLine(char const*)
 .text._ZN6FEHLCD9WriteLineEc
                0x00017db2       0x2a Libraries/FEHLCD.o
                0x00017db2                FEHLCD::WriteLine(char)
 .text._ZN6FEHLCD10WriteIndexEh
                0x00017ddc      0x14c Libraries/FEHLCD.o
                0x00017ddc                FEHLCD::WriteIndex(unsigned char)
 .text._ZN6FEHLCD14WriteParameterEh
                0x00017f28      0x130 Libraries/FEHLCD.o
                0x00017f28                FEHLCD::WriteParameter(unsigned char)
 .text._ZN6FEHLCD6_ClearEv
                0x00018058      0x15c Libraries/FEHLCD.o
                0x00018058                FEHLCD::_Clear()
 .text._ZN6FEHLCD8NextLineEv
                0x000181b4       0x2a Libraries/FEHLCD.o
                0x000181b4                FEHLCD::NextLine()
 .text._ZN6FEHLCD9CheckLineEv
                0x000181de       0x28 Libraries/FEHLCD.o
                0x000181de                FEHLCD::CheckLine()
 .text._ZN6FEHLCD8NextCharEv
                0x00018206       0x32 Libraries/FEHLCD.o
                0x00018206                FEHLCD::NextChar()
 .text._ZN6FEHLCD9DrawPixelEii
                0x00018238       0x2a Libraries/FEHLCD.o
                0x00018238                FEHLCD::DrawPixel(int, int)
 .text._Z4SwapRiS_
                0x00018262       0x28 Libraries/FEHLCD.o
                0x00018262                Swap(int&, int&)
 .text._ZN6FEHLCD13DrawRectangleEiiii
                0x0001828a       0x7c Libraries/FEHLCD.o
                0x0001828a                FEHLCD::DrawRectangle(int, int, int, int)
 .text._ZN6FEHLCD13SetDrawRegionEiiii
                0x00018306       0xfe Libraries/FEHLCD.o
                0x00018306                FEHLCD::SetDrawRegion(int, int, int, int)
 .text._ZN6FEHLCD13FillRectangleEiiii
                0x00018404       0x4c Libraries/FEHLCD.o
                0x00018404                FEHLCD::FillRectangle(int, int, int, int)
 .text._ZN6FEHLCD8DrawLineEiiii
                0x00018450      0x14c Libraries/FEHLCD.o
                0x00018450                FEHLCD::DrawLine(int, int, int, int)
 .text._ZN6FEHLCD9WriteCharEiic
                0x0001859c       0x34 Libraries/FEHLCD.o
                0x0001859c                FEHLCD::WriteChar(int, int, char)
 .text._ZN6FEHLCD11WriteCharAtEiic
                0x000185d0      0x214 Libraries/FEHLCD.o
                0x000185d0                FEHLCD::WriteCharAt(int, int, char)
 .text._ZN6FEHLCD11RepeatColorEv
                0x000187e4       0x70 Libraries/FEHLCD.o
                0x000187e4                FEHLCD::RepeatColor()
 .text._ZN6FEHLCD10_ForePixelEv
                0x00018854       0xc4 Libraries/FEHLCD.o
                0x00018854                FEHLCD::_ForePixel()
 .text._ZN6FEHLCD10_BackPixelEv
                0x00018918       0xc4 Libraries/FEHLCD.o
                0x00018918                FEHLCD::_BackPixel()
 .text._ZN6FEHLCD22SetRegisterColorValuesEv
                0x000189dc      0x336 Libraries/FEHLCD.o
                0x000189dc                FEHLCD::SetRegisterColorValues()
 .text._ZN7FEHIcon4IconC2Ev
                0x00018d12       0x14 Libraries/FEHLCD.o
                0x00018d12                FEHIcon::Icon::Icon()
                0x00018d12                FEHIcon::Icon::Icon()
 .text._ZN7FEHIcon4Icon13SetPropertiesEPciiiijj
                0x00018d26       0x6a Libraries/FEHLCD.o
                0x00018d26                FEHIcon::Icon::SetProperties(char*, int, int, int, int, unsigned int, unsigned int)
 .text._ZN7FEHIcon4Icon4DrawEv
                0x00018d90       0x90 Libraries/FEHLCD.o
                0x00018d90                FEHIcon::Icon::Draw()
 .text._ZN7FEHIcon4Icon6SelectEv
                0x00018e20       0x90 Libraries/FEHLCD.o
                0x00018e20                FEHIcon::Icon::Select()
 .text._ZN7FEHIcon4Icon8DeselectEv
                0x00018eb0       0x8c Libraries/FEHLCD.o
                0x00018eb0                FEHIcon::Icon::Deselect()
 .text._ZN7FEHIcon4Icon7PressedEffi
                0x00018f3c      0x13c Libraries/FEHLCD.o
                0x00018f3c                FEHIcon::Icon::Pressed(float, float, int)
 .text._ZN7FEHIcon4Icon12WhilePressedEff
                0x00019078       0x50 Libraries/FEHLCD.o
                0x00019078                FEHIcon::Icon::WhilePressed(float, float)
 .text._ZN7FEHIcon4Icon17ChangeLabelStringEPKc
                0x000190c8       0x64 Libraries/FEHLCD.o
                0x000190c8                FEHIcon::Icon::ChangeLabelString(char const*)
 .text._ZN7FEHIcon4Icon16ChangeLabelFloatEf
                0x0001912c      0x10c Libraries/FEHLCD.o
                0x0001912c                FEHIcon::Icon::ChangeLabelFloat(float)
 .text._ZN7FEHIcon4Icon14ChangeLabelIntEi
                0x00019238       0x78 Libraries/FEHLCD.o
                0x00019238                FEHIcon::Icon::ChangeLabelInt(int)
 .text._ZN7FEHIcon13DrawIconArrayEPNS_4IconEiiiiiiPA20_cjj
                0x000192b0      0x168 Libraries/FEHLCD.o
                0x000192b0                FEHIcon::DrawIconArray(FEHIcon::Icon*, int, int, int, int, int, int, char (*) [20], unsigned int, unsigned int)
 .text._Z41__static_initialization_and_destruction_0ii
                0x00019418       0x2c Libraries/FEHLCD.o
 .text._GLOBAL__sub_I_image
                0x00019444       0x10 Libraries/FEHLCD.o
 .text._ZN8FEHAccelC2Ev
                0x00019454       0x70 Libraries/FEHAccel.o
                0x00019454                FEHAccel::FEHAccel()
                0x00019454                FEHAccel::FEHAccel()
 *fill*         0x000194c4        0x4 
 .text._ZN8FEHAccel1XEv
                0x000194c8       0x78 Libraries/FEHAccel.o
                0x000194c8                FEHAccel::X()
 .text._ZN8FEHAccel1YEv
                0x00019540       0x78 Libraries/FEHAccel.o
                0x00019540                FEHAccel::Y()
 .text._ZN8FEHAccel1ZEv
                0x000195b8       0x78 Libraries/FEHAccel.o
                0x000195b8                FEHAccel::Z()
 .text._Z41__static_initialization_and_destruction_0ii
                0x00019630       0x2c Libraries/FEHAccel.o
 .text._GLOBAL__sub_I_Accel
                0x0001965c       0x10 Libraries/FEHAccel.o
 *fill*         0x0001966c        0x4 
 .text._ZN10FEHBattery7VoltageEv
                0x00019670       0x54 Libraries/FEHBattery.o
                0x00019670                FEHBattery::Voltage()
 .text._ZN10FEHBatteryC2EN5FEHIO8FEHIOPinE
                0x000196c4       0x22 Libraries/FEHBattery.o
                0x000196c4                FEHBattery::FEHBattery(FEHIO::FEHIOPin)
                0x000196c4                FEHBattery::FEHBattery(FEHIO::FEHIOPin)
 *fill*         0x000196e6        0x2 
 .text._Z41__static_initialization_and_destruction_0ii
                0x000196e8       0x30 Libraries/FEHBattery.o
 .text._GLOBAL__sub_I_Battery
                0x00019718       0x10 Libraries/FEHBattery.o
 .text._ZN7FEHXBeeC2Ev
                0x00019728       0x1a Drivers/FEHXBee.o
                0x00019728                FEHXBee::FEHXBee()
                0x00019728                FEHXBee::FEHXBee()
 *fill*         0x00019742        0x2 
 .text._ZN7FEHXBee10InitializeEv
                0x00019744       0xdc Drivers/FEHXBee.o
                0x00019744                FEHXBee::Initialize()
 .text._ZN7FEHXBee13IsInitializedEv
                0x00019820       0x16 Drivers/FEHXBee.o
                0x00019820                FEHXBee::IsInitialized()
 *fill*         0x00019836        0x2 
 .text._ZN7FEHXBee17ReceiveDataSearchEPcjh
                0x00019838       0x8c Drivers/FEHXBee.o
                0x00019838                FEHXBee::ReceiveDataSearch(char*, unsigned int, unsigned char)
 .text._ZN7FEHXBee8SendDataEPcj
                0x000198c4       0x40 Drivers/FEHXBee.o
                0x000198c4                FEHXBee::SendData(char*, unsigned int)
 .text._ZN7FEHXBee17SetPacketCallBackEPFvPhhE
                0x00019904       0x20 Drivers/FEHXBee.o
                0x00019904                FEHXBee::SetPacketCallBack(void (*)(unsigned char*, unsigned char))
 .text._Z22UART0_RX_TX_IRQHandlerv
                0x00019924       0xec Drivers/FEHXBee.o
                0x00019924                UART0_RX_TX_IRQHandler()
 .text._ZN6FEHRCSC2Ev
                0x00019a10       0x74 Libraries/FEHRCS.o
                0x00019a10                FEHRCS::FEHRCS()
                0x00019a10                FEHRCS::FEHRCS()
 .text._ZN6FEHRCS10InitializeEiPKc
                0x00019a84      0x7a0 Libraries/FEHRCS.o
                0x00019a84                FEHRCS::Initialize(int, char const*)
 .text._ZN6FEHRCS10InitializeEcPKc
                0x0001a224       0x4c Libraries/FEHRCS.o
                0x0001a224                FEHRCS::Initialize(char, char const*)
 .text._ZN6FEHRCS19InitializeTouchMenuEPKc
                0x0001a270      0x438 Libraries/FEHRCS.o
                0x0001a270                FEHRCS::InitializeTouchMenu(char const*)
 .text._ZN6FEHRCS19CurrentRegionLetterEv
                0x0001a6a8       0x1c Libraries/FEHRCS.o
                0x0001a6a8                FEHRCS::CurrentRegionLetter()
 .text._ZN6FEHRCS4TimeEv
                0x0001a6c4       0x1c Libraries/FEHRCS.o
                0x0001a6c4                FEHRCS::Time()
 .text._ZN6FEHRCS13WaitForPacketEv
                0x0001a6e0       0x58 Libraries/FEHRCS.o
                0x0001a6e0                FEHRCS::WaitForPacket()
 .text._Z14RCSDataProcessPhh
                0x0001a738       0xa0 Libraries/FEHRCS.o
                0x0001a738                RCSDataProcess(unsigned char*, unsigned char)
 .text._Z41__static_initialization_and_destruction_0ii
                0x0001a7d8       0x2c Libraries/FEHRCS.o
 .text._GLOBAL__sub_I_RCS
                0x0001a804       0x10 Libraries/FEHRCS.o
 .text._ZN7FEHFileC2Ev
                0x0001a814       0x2c Libraries/FEHSD.o
                0x0001a814                FEHFile::FEHFile()
                0x0001a814                FEHFile::FEHFile()
 .text._ZN5FEHSDC2Ev
                0x0001a840       0x24 Libraries/FEHSD.o
                0x0001a840                FEHSD::FEHSD()
                0x0001a840                FEHSD::FEHSD()
 .text._ZN5FEHSD5FOpenEPKcS1_
                0x0001a864      0x1c4 Libraries/FEHSD.o
                0x0001a864                FEHSD::FOpen(char const*, char const*)
 .text._ZN5FEHSD6FCloseEP7FEHFile
                0x0001aa28       0xb4 Libraries/FEHSD.o
                0x0001aa28                FEHSD::FClose(FEHFile*)
 .text._ZN5FEHSD9FCloseAllEv
                0x0001aadc       0x6c Libraries/FEHSD.o
                0x0001aadc                FEHSD::FCloseAll()
 .text._ZN5FEHSD7FPrintfEP7FEHFilePKcz
                0x0001ab48       0x58 Libraries/FEHSD.o
                0x0001ab48                FEHSD::FPrintf(FEHFile*, char const*, ...)
 .text._ZN5FEHSD10InitializeEv
                0x0001aba0       0xe4 Libraries/FEHSD.o
                0x0001aba0                FEHSD::Initialize()
 .text._Z41__static_initialization_and_destruction_0ii
                0x0001ac84       0x2c Libraries/FEHSD.o
 .text._GLOBAL__sub_I_SD
                0x0001acb0       0x10 Libraries/FEHSD.o
 .text._ZN9FEHRandom10InitializeEv
                0x0001acc0       0x3c Libraries/FEHRandom.o
                0x0001acc0                FEHRandom::Initialize()
 .text._ZdlPvj  0x0001acfc        0x4 c:/gcc-arm-none-eabi-10.3-2021.10/bin/../lib/gcc/arm-none-eabi/10.3.1/../../../../arm-none-eabi/lib/thumb/v7e-m/nofp\libstdc++.a(del_ops.o)
                0x0001acfc                operator delete(void*, unsigned int)
 .text._Znwj    0x0001ad00       0x3c c:/gcc-arm-none-eabi-10.3-2021.10/bin/../lib/gcc/arm-none-eabi/10.3.1/../../../../arm-none-eabi/lib/thumb/v7e-m/nofp\libstdc++.a(new_op.o)
                0x0001ad00                operator new(unsigned int)
 .text._ZNKSt9bad_alloc4whatEv
                0x0001ad3c        0x8 c:/gcc-arm-none-eabi-10.3-2021.10/bin/../lib/gcc/arm-none-eabi/10.3.1/../../../../arm-none-eabi/lib/thumb/v7e-m/nofp\libstdc++.a(bad_alloc.o)
                0x0001ad3c                std::bad_alloc::what() const
 .text._ZNSt9bad_allocD2Ev
                0x0001ad44       0x14 c:/gcc-arm-none-eabi-10.3-2021.10/bin/../lib/gcc/arm-none-eabi/10.3.1/../../../../arm-none-eabi/lib/thumb/v7e-m/nofp\libstdc++.a(bad_alloc.o)
                0x0001ad44                std::bad_alloc::~bad_alloc()
                0x0001ad44                std::bad_alloc::~bad_alloc()
 .text._ZNSt9bad_allocD0Ev
                0x0001ad58       0x1c c:/gcc-arm-none-eabi-10.3-2021.10/bin/../lib/gcc/arm-none-eabi/10.3.1/../../../../arm-none-eabi/lib/thumb/v7e-m/nofp\libstdc++.a(bad_alloc.o)
                0x0001ad58                std::bad_alloc::~bad_alloc()
 .text._ZdlPv   0x0001ad74        0x4 c:/gcc-arm-none-eabi-10.3-2021.10/bin/../lib/gcc/arm-none-eabi/10.3.1/../../../../arm-none-eabi/lib/thumb/v7e-m/nofp\libstdc++.a(del_op.o)
                0x0001ad74                operator delete(void*)
 .text._ZN12_GLOBAL__N_14pool4freeEPv.constprop.0
                0x0001ad78       0x88 c:/gcc-arm-none-eabi-10.3-2021.10/bin/../lib/gcc/arm-none-eabi/10.3.1/../../../../arm-none-eabi/lib/thumb/v7e-m/nofp\libstdc++.a(eh_alloc.o)
 .text._ZN12_GLOBAL__N_14pool8allocateEj.constprop.0
                0x0001ae00       0x5c c:/gcc-arm-none-eabi-10.3-2021.10/bin/../lib/gcc/arm-none-eabi/10.3.1/../../../../arm-none-eabi/lib/thumb/v7e-m/nofp\libstdc++.a(eh_alloc.o)
 .text.__cxa_allocate_exception
                0x0001ae5c       0x30 c:/gcc-arm-none-eabi-10.3-2021.10/bin/../lib/gcc/arm-none-eabi/10.3.1/../../../../arm-none-eabi/lib/thumb/v7e-m/nofp\libstdc++.a(eh_alloc.o)
                0x0001ae5c                __cxa_allocate_exception
 .text.__cxa_free_exception
                0x0001ae8c       0x20 c:/gcc-arm-none-eabi-10.3-2021.10/bin/../lib/gcc/arm-none-eabi/10.3.1/../../../../arm-none-eabi/lib/thumb/v7e-m/nofp\libstdc++.a(eh_alloc.o)
                0x0001ae8c                __cxa_free_exception
 .text.startup._GLOBAL__sub_I__ZN9__gnu_cxx9__freeresEv
                0x0001aeac       0x28 c:/gcc-arm-none-eabi-10.3-2021.10/bin/../lib/gcc/arm-none-eabi/10.3.1/../../../../arm-none-eabi/lib/thumb/v7e-m/nofp\libstdc++.a(eh_alloc.o)
 .text._ZNSt9exceptionD2Ev
                0x0001aed4        0x4 c:/gcc-arm-none-eabi-10.3-2021.10/bin/../lib/gcc/arm-none-eabi/10.3.1/../../../../arm-none-eabi/lib/thumb/v7e-m/nofp\libstdc++.a(eh_exception.o)
                0x0001aed4                std::exception::~exception()
                0x0001aed4                std::exception::~exception()
 .text._ZNSt13bad_exceptionD2Ev
                0x0001aed8        0x4 c:/gcc-arm-none-eabi-10.3-2021.10/bin/../lib/gcc/arm-none-eabi/10.3.1/../../../../arm-none-eabi/lib/thumb/v7e-m/nofp\libstdc++.a(eh_exception.o)
                0x0001aed8                std::bad_exception::~bad_exception()
                0x0001aed8                std::bad_exception::~bad_exception()
 .text._ZNKSt13bad_exception4whatEv
                0x0001aedc        0x8 c:/gcc-arm-none-eabi-10.3-2021.10/bin/../lib/gcc/arm-none-eabi/10.3.1/../../../../arm-none-eabi/lib/thumb/v7e-m/nofp\libstdc++.a(eh_exception.o)
                0x0001aedc                std::bad_exception::what() const
                0x0001aedc                transaction clone for std::bad_exception::what() const
 .text._ZNSt13bad_exceptionD0Ev
                0x0001aee4       0x10 c:/gcc-arm-none-eabi-10.3-2021.10/bin/../lib/gcc/arm-none-eabi/10.3.1/../../../../arm-none-eabi/lib/thumb/v7e-m/nofp\libstdc++.a(eh_exception.o)
                0x0001aee4                std::bad_exception::~bad_exception()
 .text._ZN10__cxxabiv111__terminateEPFvvE
                0x0001aef4       0x28 c:/gcc-arm-none-eabi-10.3-2021.10/bin/../lib/gcc/arm-none-eabi/10.3.1/../../../../arm-none-eabi/lib/thumb/v7e-m/nofp\libstdc++.a(eh_terminate.o)
                0x0001aef4                __cxxabiv1::__terminate(void (*)())
 .text._ZSt9terminatev
                0x0001af1c       0x14 c:/gcc-arm-none-eabi-10.3-2021.10/bin/../lib/gcc/arm-none-eabi/10.3.1/../../../../arm-none-eabi/lib/thumb/v7e-m/nofp\libstdc++.a(eh_terminate.o)
                0x0001af1c                std::terminate()
 .text._ZN10__cxxabiv112__unexpectedEPFvvE
                0x0001af30        0x8 c:/gcc-arm-none-eabi-10.3-2021.10/bin/../lib/gcc/arm-none-eabi/10.3.1/../../../../arm-none-eabi/lib/thumb/v7e-m/nofp\libstdc++.a(eh_terminate.o)
                0x0001af30                __cxxabiv1::__unexpected(void (*)())
 .text._ZSt10unexpectedv
                0x0001af38       0x14 c:/gcc-arm-none-eabi-10.3-2021.10/bin/../lib/gcc/arm-none-eabi/10.3.1/../../../../arm-none-eabi/lib/thumb/v7e-m/nofp\libstdc++.a(eh_terminate.o)
                0x0001af38                std::unexpected()
 .text._ZSt13get_terminatev
                0x0001af4c       0x10 c:/gcc-arm-none-eabi-10.3-2021.10/bin/../lib/gcc/arm-none-eabi/10.3.1/../../../../arm-none-eabi/lib/thumb/v7e-m/nofp\libstdc++.a(eh_terminate.o)
                0x0001af4c                std::get_terminate()
 .text._ZSt14get_unexpectedv
                0x0001af5c       0x10 c:/gcc-arm-none-eabi-10.3-2021.10/bin/../lib/gcc/arm-none-eabi/10.3.1/../../../../arm-none-eabi/lib/thumb/v7e-m/nofp\libstdc++.a(eh_terminate.o)
                0x0001af5c                std::get_unexpected()
 .text._ZL23__gxx_exception_cleanup19_Unwind_Reason_CodeP21_Unwind_Control_Block
                0x0001af6c       0x44 c:/gcc-arm-none-eabi-10.3-2021.10/bin/../lib/gcc/arm-none-eabi/10.3.1/../../../../arm-none-eabi/lib/thumb/v7e-m/nofp\libstdc++.a(eh_throw.o)
 .text.__cxa_init_primary_exception
                0x0001afb0       0x58 c:/gcc-arm-none-eabi-10.3-2021.10/bin/../lib/gcc/arm-none-eabi/10.3.1/../../../../arm-none-eabi/lib/thumb/v7e-m/nofp\libstdc++.a(eh_throw.o)
                0x0001afb0                __cxa_init_primary_exception
 .text.__cxa_throw
                0x0001b008       0x34 c:/gcc-arm-none-eabi-10.3-2021.10/bin/../lib/gcc/arm-none-eabi/10.3.1/../../../../arm-none-eabi/lib/thumb/v7e-m/nofp\libstdc++.a(eh_throw.o)
                0x0001b008                __cxa_throw
 .text.__cxa_rethrow
                0x0001b03c       0x70 c:/gcc-arm-none-eabi-10.3-2021.10/bin/../lib/gcc/arm-none-eabi/10.3.1/../../../../arm-none-eabi/lib/thumb/v7e-m/nofp\libstdc++.a(eh_throw.o)
                0x0001b03c                __cxa_rethrow
 .text._ZSt15get_new_handlerv
                0x0001b0ac       0x10 c:/gcc-arm-none-eabi-10.3-2021.10/bin/../lib/gcc/arm-none-eabi/10.3.1/../../../../arm-none-eabi/lib/thumb/v7e-m/nofp\libstdc++.a(new_handler.o)
                0x0001b0ac                std::get_new_handler()
 .text._ZN10__cxxabiv120__si_class_type_infoD2Ev
                0x0001b0bc       0x14 c:/gcc-arm-none-eabi-10.3-2021.10/bin/../lib/gcc/arm-none-eabi/10.3.1/../../../../arm-none-eabi/lib/thumb/v7e-m/nofp\libstdc++.a(si_class_type_info.o)
                0x0001b0bc                __cxxabiv1::__si_class_type_info::~__si_class_type_info()
                0x0001b0bc                __cxxabiv1::__si_class_type_info::~__si_class_type_info()
 .text._ZN10__cxxabiv120__si_class_type_infoD0Ev
                0x0001b0d0       0x1c c:/gcc-arm-none-eabi-10.3-2021.10/bin/../lib/gcc/arm-none-eabi/10.3.1/../../../../arm-none-eabi/lib/thumb/v7e-m/nofp\libstdc++.a(si_class_type_info.o)
                0x0001b0d0                __cxxabiv1::__si_class_type_info::~__si_class_type_info()
 .text._ZNK10__cxxabiv120__si_class_type_info20__do_find_public_srcEiPKvPKNS_17__class_type_infoES2_
                0x0001b0ec       0x3c c:/gcc-arm-none-eabi-10.3-2021.10/bin/../lib/gcc/arm-none-eabi/10.3.1/../../../../arm-none-eabi/lib/thumb/v7e-m/nofp\libstdc++.a(si_class_type_info.o)
                0x0001b0ec                __cxxabiv1::__si_class_type_info::__do_find_public_src(int, void const*, __cxxabiv1::__class_type_info const*, void const*) const
 .text._ZNK10__cxxabiv120__si_class_type_info12__do_dyncastEiNS_17__class_type_info10__sub_kindEPKS1_PKvS4_S6_RNS1_16__dyncast_resultE
                0x0001b128       0x84 c:/gcc-arm-none-eabi-10.3-2021.10/bin/../lib/gcc/arm-none-eabi/10.3.1/../../../../arm-none-eabi/lib/thumb/v7e-m/nofp\libstdc++.a(si_class_type_info.o)
                0x0001b128                __cxxabiv1::__si_class_type_info::__do_dyncast(int, __cxxabiv1::__class_type_info::__sub_kind, __cxxabiv1::__class_type_info const*, void const*, __cxxabiv1::__class_type_info const*, void const*, __cxxabiv1::__class_type_info::__dyncast_result&) const
 .text._ZNK10__cxxabiv120__si_class_type_info11__do_upcastEPKNS_17__class_type_infoEPKvRNS1_15__upcast_resultE
                0x0001b1ac       0x2c c:/gcc-arm-none-eabi-10.3-2021.10/bin/../lib/gcc/arm-none-eabi/10.3.1/../../../../arm-none-eabi/lib/thumb/v7e-m/nofp\libstdc++.a(si_class_type_info.o)
                0x0001b1ac                __cxxabiv1::__si_class_type_info::__do_upcast(__cxxabiv1::__class_type_info const*, void const*, __cxxabiv1::__class_type_info::__upcast_result&) const
 .text._ZNSt9type_infoD2Ev
                0x0001b1d8        0x4 c:/gcc-arm-none-eabi-10.3-2021.10/bin/../lib/gcc/arm-none-eabi/10.3.1/../../../../arm-none-eabi/lib/thumb/v7e-m/nofp\libstdc++.a(tinfo.o)
                0x0001b1d8                std::type_info::~type_info()
                0x0001b1d8                std::type_info::~type_info()
 .text._ZNKSt9type_info14__is_pointer_pEv
                0x0001b1dc        0x4 c:/gcc-arm-none-eabi-10.3-2021.10/bin/../lib/gcc/arm-none-eabi/10.3.1/../../../../arm-none-eabi/lib/thumb/v7e-m/nofp\libstdc++.a(tinfo.o)
                0x0001b1dc                std::type_info::__is_pointer_p() const
                0x0001b1dc                std::type_info::__is_function_p() const
 .text._ZNKSt9type_infoeqERKS_
                0x0001b1e0       0x2c c:/gcc-arm-none-eabi-10.3-2021.10/bin/../lib/gcc/arm-none-eabi/10.3.1/../../../../arm-none-eabi/lib/thumb/v7e-m/nofp\libstdc++.a(tinfo.o)
                0x0001b1e0                std::type_info::operator==(std::type_info const&) const
 .text._ZN9__gnu_cxx27__verbose_terminate_handlerEv
                0x0001b20c      0x10c c:/gcc-arm-none-eabi-10.3-2021.10/bin/../lib/gcc/arm-none-eabi/10.3.1/../../../../arm-none-eabi/lib/thumb/v7e-m/nofp\libstdc++.a(vterminate.o)
                0x0001b20c                __gnu_cxx::__verbose_terminate_handler()
 .text._ZNK10__cxxabiv117__class_type_info11__do_upcastEPKS0_PPv
                0x0001b318       0x34 c:/gcc-arm-none-eabi-10.3-2021.10/bin/../lib/gcc/arm-none-eabi/10.3.1/../../../../arm-none-eabi/lib/thumb/v7e-m/nofp\libstdc++.a(class_type_info.o)
                0x0001b318                __cxxabiv1::__class_type_info::__do_upcast(__cxxabiv1::__class_type_info const*, void**) const
 .text._ZNK10__cxxabiv117__class_type_info20__do_find_public_srcEiPKvPKS0_S2_
                0x0001b34c        0xc c:/gcc-arm-none-eabi-10.3-2021.10/bin/../lib/gcc/arm-none-eabi/10.3.1/../../../../arm-none-eabi/lib/thumb/v7e-m/nofp\libstdc++.a(class_type_info.o)
                0x0001b34c                __cxxabiv1::__class_type_info::__do_find_public_src(int, void const*, __cxxabiv1::__class_type_info const*, void const*) const
 .text._ZN10__cxxabiv117__class_type_infoD2Ev
                0x0001b358       0x14 c:/gcc-arm-none-eabi-10.3-2021.10/bin/../lib/gcc/arm-none-eabi/10.3.1/../../../../arm-none-eabi/lib/thumb/v7e-m/nofp\libstdc++.a(class_type_info.o)
                0x0001b358                __cxxabiv1::__class_type_info::~__class_type_info()
                0x0001b358                __cxxabiv1::__class_type_info::~__class_type_info()
 .text._ZN10__cxxabiv117__class_type_infoD0Ev
                0x0001b36c       0x1c c:/gcc-arm-none-eabi-10.3-2021.10/bin/../lib/gcc/arm-none-eabi/10.3.1/../../../../arm-none-eabi/lib/thumb/v7e-m/nofp\libstdc++.a(class_type_info.o)
                0x0001b36c                __cxxabiv1::__class_type_info::~__class_type_info()
 .text._ZNK10__cxxabiv117__class_type_info12__do_dyncastEiNS0_10__sub_kindEPKS0_PKvS3_S5_RNS0_16__dyncast_resultE
                0x0001b388       0x44 c:/gcc-arm-none-eabi-10.3-2021.10/bin/../lib/gcc/arm-none-eabi/10.3.1/../../../../arm-none-eabi/lib/thumb/v7e-m/nofp\libstdc++.a(class_type_info.o)
                0x0001b388                __cxxabiv1::__class_type_info::__do_dyncast(int, __cxxabiv1::__class_type_info::__sub_kind, __cxxabiv1::__class_type_info const*, void const*, __cxxabiv1::__class_type_info const*, void const*, __cxxabiv1::__class_type_info::__dyncast_result&) const
 .text._ZNK10__cxxabiv117__class_type_info11__do_upcastEPKS0_PKvRNS0_15__upcast_resultE
                0x0001b3cc       0x1c c:/gcc-arm-none-eabi-10.3-2021.10/bin/../lib/gcc/arm-none-eabi/10.3.1/../../../../arm-none-eabi/lib/thumb/v7e-m/nofp\libstdc++.a(class_type_info.o)
                0x0001b3cc                __cxxabiv1::__class_type_info::__do_upcast(__cxxabiv1::__class_type_info const*, void const*, __cxxabiv1::__class_type_info::__upcast_result&) const
 .text._ZNK10__cxxabiv117__class_type_info10__do_catchEPKSt9type_infoPPvj
                0x0001b3e8       0x2c c:/gcc-arm-none-eabi-10.3-2021.10/bin/../lib/gcc/arm-none-eabi/10.3.1/../../../../arm-none-eabi/lib/thumb/v7e-m/nofp\libstdc++.a(class_type_info.o)
                0x0001b3e8                __cxxabiv1::__class_type_info::__do_catch(std::type_info const*, void**, unsigned int) const
 .text          0x0001b414     0x5fa4 c:/gcc-arm-none-eabi-10.3-2021.10/bin/../lib/gcc/arm-none-eabi/10.3.1/../../../../arm-none-eabi/lib/thumb/v7e-m/nofp\libstdc++.a(cp-demangle.o)
                0x000212d0                __cxa_demangle
                0x00021394                __gcclibcxx_demangle_callback
 .text.__cxa_end_cleanup
                0x000213b8        0xc c:/gcc-arm-none-eabi-10.3-2021.10/bin/../lib/gcc/arm-none-eabi/10.3.1/../../../../arm-none-eabi/lib/thumb/v7e-m/nofp\libstdc++.a(eh_arm.o)
                0x000213b8                __cxa_end_cleanup
 .text.__cxa_type_match
                0x000213c4       0xb4 c:/gcc-arm-none-eabi-10.3-2021.10/bin/../lib/gcc/arm-none-eabi/10.3.1/../../../../arm-none-eabi/lib/thumb/v7e-m/nofp\libstdc++.a(eh_arm.o)
                0x000213c4                __cxa_type_match
 .text.__cxa_begin_cleanup
                0x00021478       0x64 c:/gcc-arm-none-eabi-10.3-2021.10/bin/../lib/gcc/arm-none-eabi/10.3.1/../../../../arm-none-eabi/lib/thumb/v7e-m/nofp\libstdc++.a(eh_arm.o)
                0x00021478                __cxa_begin_cleanup
 .text.__gnu_end_cleanup
                0x000214dc       0x70 c:/gcc-arm-none-eabi-10.3-2021.10/bin/../lib/gcc/arm-none-eabi/10.3.1/../../../../arm-none-eabi/lib/thumb/v7e-m/nofp\libstdc++.a(eh_arm.o)
                0x000214dc                __gnu_end_cleanup
 .text._ZN10__cxxabiv1L24__is_gxx_exception_classEPc
                0x0002154c       0x3c c:/gcc-arm-none-eabi-10.3-2021.10/bin/../lib/gcc/arm-none-eabi/10.3.1/../../../../arm-none-eabi/lib/thumb/v7e-m/nofp\libstdc++.a(eh_call.o)
 .text.__cxa_call_terminate
                0x00021588       0x20 c:/gcc-arm-none-eabi-10.3-2021.10/bin/../lib/gcc/arm-none-eabi/10.3.1/../../../../arm-none-eabi/lib/thumb/v7e-m/nofp\libstdc++.a(eh_call.o)
                0x00021588                __cxa_call_terminate
 .text.unlikely.__cxa_call_unexpected
                0x000215a8       0xe4 c:/gcc-arm-none-eabi-10.3-2021.10/bin/../lib/gcc/arm-none-eabi/10.3.1/../../../../arm-none-eabi/lib/thumb/v7e-m/nofp\libstdc++.a(eh_call.o)
                0x000215a8                __cxa_call_unexpected
 .text.__cxa_begin_catch
                0x0002168c       0x7c c:/gcc-arm-none-eabi-10.3-2021.10/bin/../lib/gcc/arm-none-eabi/10.3.1/../../../../arm-none-eabi/lib/thumb/v7e-m/nofp\libstdc++.a(eh_catch.o)
                0x0002168c                __cxa_begin_catch
 .text.__cxa_end_catch
                0x00021708       0x8c c:/gcc-arm-none-eabi-10.3-2021.10/bin/../lib/gcc/arm-none-eabi/10.3.1/../../../../arm-none-eabi/lib/thumb/v7e-m/nofp\libstdc++.a(eh_catch.o)
                0x00021708                __cxa_end_catch
 .text.__cxa_get_globals_fast
                0x00021794        0x8 c:/gcc-arm-none-eabi-10.3-2021.10/bin/../lib/gcc/arm-none-eabi/10.3.1/../../../../arm-none-eabi/lib/thumb/v7e-m/nofp\libstdc++.a(eh_globals.o)
                0x00021794                __cxa_get_globals_fast
 .text.__cxa_get_globals
                0x0002179c        0x8 c:/gcc-arm-none-eabi-10.3-2021.10/bin/../lib/gcc/arm-none-eabi/10.3.1/../../../../arm-none-eabi/lib/thumb/v7e-m/nofp\libstdc++.a(eh_globals.o)
                0x0002179c                __cxa_get_globals
 .text._ZL28read_encoded_value_with_basehjPKhPj
                0x000217a4       0xc0 c:/gcc-arm-none-eabi-10.3-2021.10/bin/../lib/gcc/arm-none-eabi/10.3.1/../../../../arm-none-eabi/lib/thumb/v7e-m/nofp\libstdc++.a(eh_personality.o)
 .text._ZL21base_of_encoded_valuehP15_Unwind_Context
                0x00021864       0x48 c:/gcc-arm-none-eabi-10.3-2021.10/bin/../lib/gcc/arm-none-eabi/10.3.1/../../../../arm-none-eabi/lib/thumb/v7e-m/nofp\libstdc++.a(eh_personality.o)
 .text._ZL17parse_lsda_headerP15_Unwind_ContextPKhP16lsda_header_info
                0x000218ac       0x94 c:/gcc-arm-none-eabi-10.3-2021.10/bin/../lib/gcc/arm-none-eabi/10.3.1/../../../../arm-none-eabi/lib/thumb/v7e-m/nofp\libstdc++.a(eh_personality.o)
 .text.__gxx_personality_v0
                0x00021940      0x4a8 c:/gcc-arm-none-eabi-10.3-2021.10/bin/../lib/gcc/arm-none-eabi/10.3.1/../../../../arm-none-eabi/lib/thumb/v7e-m/nofp\libstdc++.a(eh_personality.o)
                0x00021940                __gxx_personality_v0
 .text.__cxa_current_exception_type
                0x00021de8       0x1c c:/gcc-arm-none-eabi-10.3-2021.10/bin/../lib/gcc/arm-none-eabi/10.3.1/../../../../arm-none-eabi/lib/thumb/v7e-m/nofp\libstdc++.a(eh_type.o)
                0x00021de8                __cxa_current_exception_type
 .text          0x00021e04      0x378 c:/gcc-arm-none-eabi-10.3-2021.10/bin/../lib/gcc/arm-none-eabi/10.3.1/thumb/v7e-m/nofp\libgcc.a(_arm_addsubdf3.o)
                0x00021e04                __aeabi_drsub
                0x00021e0c                __aeabi_dsub
                0x00021e0c                __subdf3
                0x00021e10                __aeabi_dadd
                0x00021e10                __adddf3
                0x00022088                __floatunsidf
                0x00022088                __aeabi_ui2d
                0x000220a8                __floatsidf
                0x000220a8                __aeabi_i2d
                0x000220cc                __aeabi_f2d
                0x000220cc                __extendsfdf2
                0x00022110                __floatundidf
                0x00022110                __aeabi_ul2d
                0x00022120                __floatdidf
                0x00022120                __aeabi_l2d
 .text          0x0002217c      0x424 c:/gcc-arm-none-eabi-10.3-2021.10/bin/../lib/gcc/arm-none-eabi/10.3.1/thumb/v7e-m/nofp\libgcc.a(_arm_muldivdf3.o)
                0x0002217c                __aeabi_dmul
                0x0002217c                __muldf3
                0x000223d0                __divdf3
                0x000223d0                __aeabi_ddiv
 .text          0x000225a0      0x110 c:/gcc-arm-none-eabi-10.3-2021.10/bin/../lib/gcc/arm-none-eabi/10.3.1/thumb/v7e-m/nofp\libgcc.a(_arm_cmpdf2.o)
                0x000225a0                __gtdf2
                0x000225a0                __gedf2
                0x000225a8                __ltdf2
                0x000225a8                __ledf2
                0x000225b0                __nedf2
                0x000225b0                __eqdf2
                0x000225b0                __cmpdf2
                0x0002262c                __aeabi_cdrcmple
                0x0002263c                __aeabi_cdcmpeq
                0x0002263c                __aeabi_cdcmple
                0x0002264c                __aeabi_dcmpeq
                0x00022660                __aeabi_dcmplt
                0x00022674                __aeabi_dcmple
                0x00022688                __aeabi_dcmpge
                0x0002269c                __aeabi_dcmpgt
 .text          0x000226b0       0x50 c:/gcc-arm-none-eabi-10.3-2021.10/bin/../lib/gcc/arm-none-eabi/10.3.1/thumb/v7e-m/nofp\libgcc.a(_arm_fixdfsi.o)
                0x000226b0                __aeabi_d2iz
                0x000226b0                __fixdfsi
 .text          0x00022700       0x40 c:/gcc-arm-none-eabi-10.3-2021.10/bin/../lib/gcc/arm-none-eabi/10.3.1/thumb/v7e-m/nofp\libgcc.a(_arm_fixunsdfsi.o)
                0x00022700                __aeabi_d2uiz
                0x00022700                __fixunsdfsi
 .text          0x00022740       0xa0 c:/gcc-arm-none-eabi-10.3-2021.10/bin/../lib/gcc/arm-none-eabi/10.3.1/thumb/v7e-m/nofp\libgcc.a(_arm_truncdfsf2.o)
                0x00022740                __truncdfsf2
                0x00022740                __aeabi_d2f
 .text          0x000227e0      0x21c c:/gcc-arm-none-eabi-10.3-2021.10/bin/../lib/gcc/arm-none-eabi/10.3.1/thumb/v7e-m/nofp\libgcc.a(_arm_addsubsf3.o)
                0x000227e0                __aeabi_frsub
                0x000227e8                __subsf3
                0x000227e8                __aeabi_fsub
                0x000227ec                __aeabi_fadd
                0x000227ec                __addsf3
                0x0002294c                __aeabi_ui2f
                0x0002294c                __floatunsisf
                0x00022954                __aeabi_i2f
                0x00022954                __floatsisf
                0x00022970                __aeabi_ul2f
                0x00022970                __floatundisf
                0x00022980                __aeabi_l2f
                0x00022980                __floatdisf
 .text          0x000229fc      0x2a0 c:/gcc-arm-none-eabi-10.3-2021.10/bin/../lib/gcc/arm-none-eabi/10.3.1/thumb/v7e-m/nofp\libgcc.a(_arm_muldivsf3.o)
                0x000229fc                __mulsf3
                0x000229fc                __aeabi_fmul
                0x00022b64                __aeabi_fdiv
                0x00022b64                __divsf3
 .text          0x00022c9c       0xec c:/gcc-arm-none-eabi-10.3-2021.10/bin/../lib/gcc/arm-none-eabi/10.3.1/thumb/v7e-m/nofp\libgcc.a(_arm_cmpsf2.o)
                0x00022c9c                __gesf2
                0x00022c9c                __gtsf2
                0x00022ca4                __lesf2
                0x00022ca4                __ltsf2
                0x00022cac                __nesf2
                0x00022cac                __eqsf2
                0x00022cac                __cmpsf2
                0x00022d0c                __aeabi_cfrcmple
                0x00022d14                __aeabi_cfcmpeq
                0x00022d14                __aeabi_cfcmple
                0x00022d24                __aeabi_fcmpeq
                0x00022d38                __aeabi_fcmplt
                0x00022d4c                __aeabi_fcmple
                0x00022d60                __aeabi_fcmpge
                0x00022d74                __aeabi_fcmpgt
 .text          0x00022d88       0x4c c:/gcc-arm-none-eabi-10.3-2021.10/bin/../lib/gcc/arm-none-eabi/10.3.1/thumb/v7e-m/nofp\libgcc.a(_arm_fixsfsi.o)
                0x00022d88                __aeabi_f2iz
                0x00022d88                __fixsfsi
 .text          0x00022dd4      0x9d8 c:/gcc-arm-none-eabi-10.3-2021.10/bin/../lib/gcc/arm-none-eabi/10.3.1/thumb/v7e-m/nofp\libgcc.a(unwind-arm.o)
                0x0002307c                _Unwind_GetCFA
                0x00023080                __gnu_Unwind_RaiseException
                0x000230e8                __gnu_Unwind_ForcedUnwind
                0x000230f8                __gnu_Unwind_Resume
                0x0002313c                __gnu_Unwind_Resume_or_Rethrow
                0x0002314c                _Unwind_Complete
                0x00023150                _Unwind_DeleteException
                0x0002315c                _Unwind_VRS_Get
                0x000231a8                _Unwind_VRS_Set
                0x000231f0                __gnu_Unwind_Backtrace
                0x0002351c                __aeabi_unwind_cpp_pr0
                0x00023520                __aeabi_unwind_cpp_pr1
                0x00023524                __aeabi_unwind_cpp_pr2
                0x00023528                _Unwind_VRS_Pop
 .text          0x000237ac      0x1ac c:/gcc-arm-none-eabi-10.3-2021.10/bin/../lib/gcc/arm-none-eabi/10.3.1/thumb/v7e-m/nofp\libgcc.a(libunwind.o)
                0x000237ac                __restore_core_regs
                0x000237ac                restore_core_regs
                0x000237c4                __gnu_Unwind_Restore_VFP
                0x000237cc                __gnu_Unwind_Save_VFP
                0x000237d4                __gnu_Unwind_Restore_VFP_D
                0x000237dc                __gnu_Unwind_Save_VFP_D
                0x000237e4                __gnu_Unwind_Restore_VFP_D_16_to_31
                0x000237ec                __gnu_Unwind_Save_VFP_D_16_to_31
                0x000237f4                __gnu_Unwind_Restore_WMMXD
                0x00023838                __gnu_Unwind_Save_WMMXD
                0x0002387c                __gnu_Unwind_Restore_WMMXC
                0x00023890                __gnu_Unwind_Save_WMMXC
                0x000238a4                ___Unwind_RaiseException
                0x000238a4                _Unwind_RaiseException
                0x000238c8                _Unwind_Resume
                0x000238c8                ___Unwind_Resume
                0x000238ec                _Unwind_Resume_or_Rethrow
                0x000238ec                ___Unwind_Resume_or_Rethrow
                0x00023910                _Unwind_ForcedUnwind
                0x00023910                ___Unwind_ForcedUnwind
                0x00023934                ___Unwind_Backtrace
                0x00023934                _Unwind_Backtrace
 .text          0x00023958      0x350 c:/gcc-arm-none-eabi-10.3-2021.10/bin/../lib/gcc/arm-none-eabi/10.3.1/thumb/v7e-m/nofp\libgcc.a(pr-support.o)
                0x000239b0                __gnu_unwind_execute
                0x00023c5c                __gnu_unwind_frame
                0x00023c88                _Unwind_GetRegionStart
                0x00023c94                _Unwind_GetLanguageSpecificData
 .text.unlikely
                0x00023ca8        0xc c:/gcc-arm-none-eabi-10.3-2021.10/bin/../lib/gcc/arm-none-eabi/10.3.1/thumb/v7e-m/nofp\libgcc.a(pr-support.o)
                0x00023ca8                _Unwind_GetDataRelBase
                0x00023cae                _Unwind_GetTextRelBase
 .text.abort    0x00023cb4       0x10 c:/gcc-arm-none-eabi-10.3-2021.10/bin/../lib/gcc/arm-none-eabi/10.3.1/../../../../arm-none-eabi/lib/thumb/v7e-m/nofp\libg.a(lib_a-abort.o)
                0x00023cb4                abort
 .text.fputc    0x00023cc4       0x58 c:/gcc-arm-none-eabi-10.3-2021.10/bin/../lib/gcc/arm-none-eabi/10.3.1/../../../../arm-none-eabi/lib/thumb/v7e-m/nofp\libg.a(lib_a-fputc.o)
                0x00023cc4                fputc
 .text._fputs_r
                0x00023d1c       0x88 c:/gcc-arm-none-eabi-10.3-2021.10/bin/../lib/gcc/arm-none-eabi/10.3.1/../../../../arm-none-eabi/lib/thumb/v7e-m/nofp\libg.a(lib_a-fputs.o)
                0x00023d1c                _fputs_r
 .text.fputs    0x00023da4       0x18 c:/gcc-arm-none-eabi-10.3-2021.10/bin/../lib/gcc/arm-none-eabi/10.3.1/../../../../arm-none-eabi/lib/thumb/v7e-m/nofp\libg.a(lib_a-fputs.o)
                0x00023da4                fputs
 .text.__sfvwrite_r
                0x00023dbc      0x2e8 c:/gcc-arm-none-eabi-10.3-2021.10/bin/../lib/gcc/arm-none-eabi/10.3.1/../../../../arm-none-eabi/lib/thumb/v7e-m/nofp\libg.a(lib_a-fvwrite.o)
                0x00023dbc                __sfvwrite_r
 .text._fwrite_r
                0x000240a4       0xa8 c:/gcc-arm-none-eabi-10.3-2021.10/bin/../lib/gcc/arm-none-eabi/10.3.1/../../../../arm-none-eabi/lib/thumb/v7e-m/nofp\libg.a(lib_a-fwrite.o)
                0x000240a4                _fwrite_r
 .text.fwrite   0x0002414c       0x20 c:/gcc-arm-none-eabi-10.3-2021.10/bin/../lib/gcc/arm-none-eabi/10.3.1/../../../../arm-none-eabi/lib/thumb/v7e-m/nofp\libg.a(lib_a-fwrite.o)
                0x0002414c                fwrite
 .text.__libc_init_array
                0x0002416c       0x48 c:/gcc-arm-none-eabi-10.3-2021.10/bin/../lib/gcc/arm-none-eabi/10.3.1/../../../../arm-none-eabi/lib/thumb/v7e-m/nofp\libg.a(lib_a-init.o)
                0x0002416c                __libc_init_array
 .text.__retarget_lock_init_recursive
                0x000241b4        0x4 c:/gcc-arm-none-eabi-10.3-2021.10/bin/../lib/gcc/arm-none-eabi/10.3.1/../../../../arm-none-eabi/lib/thumb/v7e-m/nofp\libg.a(lib_a-lock.o)
                0x000241b4                __retarget_lock_init_recursive
 .text.__retarget_lock_close_recursive
                0x000241b8        0x4 c:/gcc-arm-none-eabi-10.3-2021.10/bin/../lib/gcc/arm-none-eabi/10.3.1/../../../../arm-none-eabi/lib/thumb/v7e-m/nofp\libg.a(lib_a-lock.o)
                0x000241b8                __retarget_lock_close_recursive
 .text.__retarget_lock_acquire_recursive
                0x000241bc        0x4 c:/gcc-arm-none-eabi-10.3-2021.10/bin/../lib/gcc/arm-none-eabi/10.3.1/../../../../arm-none-eabi/lib/thumb/v7e-m/nofp\libg.a(lib_a-lock.o)
                0x000241bc                __retarget_lock_acquire_recursive
 .text.__retarget_lock_release_recursive
                0x000241c0        0x4 c:/gcc-arm-none-eabi-10.3-2021.10/bin/../lib/gcc/arm-none-eabi/10.3.1/../../../../arm-none-eabi/lib/thumb/v7e-m/nofp\libg.a(lib_a-lock.o)
                0x000241c0                __retarget_lock_release_recursive
 .text.malloc   0x000241c4       0x10 c:/gcc-arm-none-eabi-10.3-2021.10/bin/../lib/gcc/arm-none-eabi/10.3.1/../../../../arm-none-eabi/lib/thumb/v7e-m/nofp\libg.a(lib_a-malloc.o)
                0x000241c4                malloc
 .text.free     0x000241d4       0x10 c:/gcc-arm-none-eabi-10.3-2021.10/bin/../lib/gcc/arm-none-eabi/10.3.1/../../../../arm-none-eabi/lib/thumb/v7e-m/nofp\libg.a(lib_a-malloc.o)
                0x000241d4                free
 .text._malloc_r
                0x000241e4      0x560 c:/gcc-arm-none-eabi-10.3-2021.10/bin/../lib/gcc/arm-none-eabi/10.3.1/../../../../arm-none-eabi/lib/thumb/v7e-m/nofp\libg.a(lib_a-mallocr.o)
                0x000241e4                _malloc_r
 *fill*         0x00024744        0xc 
 .text          0x00024750       0xa0 c:/gcc-arm-none-eabi-10.3-2021.10/bin/../lib/gcc/arm-none-eabi/10.3.1/../../../../arm-none-eabi/lib/thumb/v7e-m/nofp\libg.a(lib_a-memchr.o)
                0x00024750                memchr
 .text.memcmp   0x000247f0       0x68 c:/gcc-arm-none-eabi-10.3-2021.10/bin/../lib/gcc/arm-none-eabi/10.3.1/../../../../arm-none-eabi/lib/thumb/v7e-m/nofp\libg.a(lib_a-memcmp.o)
                0x000247f0                memcmp
 .text          0x00024858      0x134 c:/gcc-arm-none-eabi-10.3-2021.10/bin/../lib/gcc/arm-none-eabi/10.3.1/../../../../arm-none-eabi/lib/thumb/v7e-m/nofp\libg.a(lib_a-memcpy.o)
                0x00024858                memcpy
 .text.memmove  0x0002498c       0xf8 c:/gcc-arm-none-eabi-10.3-2021.10/bin/../lib/gcc/arm-none-eabi/10.3.1/../../../../arm-none-eabi/lib/thumb/v7e-m/nofp\libg.a(lib_a-memmove.o)
                0x0002498c                memmove
 .text.memset   0x00024a84       0xa4 c:/gcc-arm-none-eabi-10.3-2021.10/bin/../lib/gcc/arm-none-eabi/10.3.1/../../../../arm-none-eabi/lib/thumb/v7e-m/nofp\libg.a(lib_a-memset.o)
                0x00024a84                memset
 .text.__malloc_lock
                0x00024b28        0xc c:/gcc-arm-none-eabi-10.3-2021.10/bin/../lib/gcc/arm-none-eabi/10.3.1/../../../../arm-none-eabi/lib/thumb/v7e-m/nofp\libg.a(lib_a-mlock.o)
                0x00024b28                __malloc_lock
 .text.__malloc_unlock
                0x00024b34        0xc c:/gcc-arm-none-eabi-10.3-2021.10/bin/../lib/gcc/arm-none-eabi/10.3.1/../../../../arm-none-eabi/lib/thumb/v7e-m/nofp\libg.a(lib_a-mlock.o)
                0x00024b34                __malloc_unlock
 .text._putc_r  0x00024b40       0x74 c:/gcc-arm-none-eabi-10.3-2021.10/bin/../lib/gcc/arm-none-eabi/10.3.1/../../../../arm-none-eabi/lib/thumb/v7e-m/nofp\libg.a(lib_a-putc.o)
                0x00024b40                _putc_r
 .text.realloc  0x00024bb4       0x18 c:/gcc-arm-none-eabi-10.3-2021.10/bin/../lib/gcc/arm-none-eabi/10.3.1/../../../../arm-none-eabi/lib/thumb/v7e-m/nofp\libg.a(lib_a-realloc.o)
                0x00024bb4                realloc
 .text._realloc_r
                0x00024bcc      0x3d8 c:/gcc-arm-none-eabi-10.3-2021.10/bin/../lib/gcc/arm-none-eabi/10.3.1/../../../../arm-none-eabi/lib/thumb/v7e-m/nofp\libg.a(lib_a-reallocr.o)
                0x00024bcc                _realloc_r
 .text._sbrk_r  0x00024fa4       0x24 c:/gcc-arm-none-eabi-10.3-2021.10/bin/../lib/gcc/arm-none-eabi/10.3.1/../../../../arm-none-eabi/lib/thumb/v7e-m/nofp\libg.a(lib_a-sbrkr.o)
                0x00024fa4                _sbrk_r
 .text.raise    0x00024fc8       0x5c c:/gcc-arm-none-eabi-10.3-2021.10/bin/../lib/gcc/arm-none-eabi/10.3.1/../../../../arm-none-eabi/lib/thumb/v7e-m/nofp\libg.a(lib_a-signal.o)
                0x00024fc8                raise
 .text._kill_r  0x00025024       0x2c c:/gcc-arm-none-eabi-10.3-2021.10/bin/../lib/gcc/arm-none-eabi/10.3.1/../../../../arm-none-eabi/lib/thumb/v7e-m/nofp\libg.a(lib_a-signalr.o)
                0x00025024                _kill_r
 .text._getpid_r
                0x00025050        0x4 c:/gcc-arm-none-eabi-10.3-2021.10/bin/../lib/gcc/arm-none-eabi/10.3.1/../../../../arm-none-eabi/lib/thumb/v7e-m/nofp\libg.a(lib_a-signalr.o)
                0x00025050                _getpid_r
 .text.sprintf  0x00025054       0x40 c:/gcc-arm-none-eabi-10.3-2021.10/bin/../lib/gcc/arm-none-eabi/10.3.1/../../../../arm-none-eabi/lib/thumb/v7e-m/nofp\libg.a(lib_a-sprintf.o)
                0x00025054                sprintf
 *fill*         0x00025094        0xc 
 .text          0x000250a0      0x2dc c:/gcc-arm-none-eabi-10.3-2021.10/bin/../lib/gcc/arm-none-eabi/10.3.1/../../../../arm-none-eabi/lib/thumb/v7e-m/nofp\libg.a(lib_a-strcmp.o)
                0x000250a8                strcmp
 .text.strcpy   0x0002537c       0xbc c:/gcc-arm-none-eabi-10.3-2021.10/bin/../lib/gcc/arm-none-eabi/10.3.1/../../../../arm-none-eabi/lib/thumb/v7e-m/nofp\libg.a(lib_a-strcpy.o)
                0x0002537c                strcpy
 *fill*         0x00025438        0x8 
 .text          0x00025440       0xdc c:/gcc-arm-none-eabi-10.3-2021.10/bin/../lib/gcc/arm-none-eabi/10.3.1/../../../../arm-none-eabi/lib/thumb/v7e-m/nofp\libg.a(lib_a-strlen.o)